../Core/api/source/cli.c:111:6:cliInit	8	static
../Core/api/source/cli.c:136:6:cliOpen	16	static
../Core/api/source/cli.c:146:6:cliOpenLog	24	static
../Core/api/source/cli.c:162:6:cliLogClose	4	static
../Core/api/source/cli.c:168:6:cliShowLog	24	static
../Core/api/source/cli.c:188:6:cliShowPrompt	16	static
../Core/api/source/cli.c:194:6:cliMain	8	static
../Core/api/source/cli.c:209:10:cliAvailable	8	static
../Core/api/source/cli.c:214:9:cliRead	8	static
../Core/api/source/cli.c:219:10:cliWrite	16	static
../Core/api/source/cli.c:224:6:cliUpdate	56	static
../Core/api/source/cli.c:427:6:cliLineClean	16	static
../Core/api/source/cli.c:435:6:cliLineAdd	16	static
../Core/api/source/cli.c:450:6:cliLineChange	24	static
../Core/api/source/cli.c:492:6:cliRunCmd	24	static
../Core/api/source/cli.c:518:6:cliParseArgs	40	static
../Core/api/source/cli.c:550:6:cliPrintf	24	static
../Core/api/source/cli.c:564:6:cliToUpper	24	static
../Core/api/source/cli.c:591:9:cliArgsGetData	24	static
../Core/api/source/cli.c:607:7:cliArgsGetFloat	24	static
../Core/api/source/cli.c:623:7:cliArgsGetStr	24	static
../Core/api/source/cli.c:639:6:cliArgsIsStr	24	static
../Core/api/source/cli.c:658:6:cliKeepLoop	16	static
../Core/api/source/cli.c:673:6:cliAdd	32	static
../Core/api/source/cli.c:696:6:cliShowList	24	static
../Core/api/source/cli.c:713:6:cliMemoryDump	56	static
