../Core/api/source/i2c_api.c:46:6:i2cInit	16	static
../Core/api/source/i2c_api.c:65:6:i2cIsInit	4	static
../Core/api/source/i2c_api.c:70:6:i2cBegin	24	static
../Core/api/source/i2c_api.c:118:6:i2cIsBegin	16	static
../Core/api/source/i2c_api.c:123:6:i2cReset	48	static
../Core/api/source/i2c_api.c:172:6:i2cIsDeviceReady	24	static,ignoring_inline_asm
../Core/api/source/i2c_api.c:185:6:i2cRecovery	24	static
../Core/api/source/i2c_api.c:196:6:i2cReadByte	32	static
../Core/api/source/i2c_api.c:201:6:i2cReadBytes	56	static
../Core/api/source/i2c_api.c:226:6:i2cReadData	48	static
../Core/api/source/i2c_api.c:251:6:i2cWriteByte	32	static
../Core/api/source/i2c_api.c:256:6:i2cWriteBytes	56	static
../Core/api/source/i2c_api.c:281:6:i2cWriteData	48	static
../Core/api/source/i2c_api.c:306:6:i2cSetTimeout	16	static
../Core/api/source/i2c_api.c:311:10:i2cGetTimeout	16	static
../Core/api/source/i2c_api.c:316:6:i2cClearErrCount	16	static
../Core/api/source/i2c_api.c:321:10:i2cGetErrCount	16	static
../Core/api/source/i2c_api.c:326:6:delayUs	24	static
../Core/api/source/i2c_api.c:336:6:HAL_I2C_ErrorCallback	16	static
../Core/api/source/i2c_api.c:341:6:HAL_I2C_MspInit	48	static
../Core/api/source/i2c_api.c:384:6:HAL_I2C_MspDeInit	16	static
../Core/api/source/i2c_api.c:413:6:cliI2C	200	static
