../Core/api/source/lcd.c:70:6:TransferDoneISR	8	static
../Core/api/source/lcd.c:83:6:lcdInit	24	static
../Core/api/source/lcd.c:119:10:lcdGetDrawTime	4	static
../Core/api/source/lcd.c:124:6:lcdIsInit	4	static
../Core/api/source/lcd.c:129:6:lcdReset	8	static
../Core/api/source/lcd.c:134:9:lcdGetBackLight	4	static
../Core/api/source/lcd.c:139:6:lcdSetBackLight	16	static
../Core/api/source/lcd.c:158:22:lcdReadPixel	0	static
../Core/api/source/lcd.c:163:18:lcdDrawPixel	0	static
../Core/api/source/lcd.c:168:18:lcdClear	8	static
../Core/api/source/lcd.c:174:18:lcdClearBuffer	8	static
../Core/api/source/lcd.c:184:18:lcdDrawFillCircle	48	static
../Core/api/source/lcd.c:214:18:lcdDrawCircleHelper	56	static
../Core/api/source/lcd.c:260:18:lcdDrawRoundRect	72	static
../Core/api/source/lcd.c:275:18:lcdDrawFillCircleHelper	56	static
../Core/api/source/lcd.c:311:18:lcdDrawFillRoundRect	48	static
../Core/api/source/lcd.c:321:18:lcdDrawTriangle	40	static
../Core/api/source/lcd.c:328:18:lcdDrawFillTriangle	72	dynamic
../Core/api/source/lcd.c:367:10:lcdGetFps	4	static
../Core/api/source/lcd.c:372:10:lcdGetFpsTime	4	static
../Core/api/source/lcd.c:377:6:lcdDrawAvailable	4	static
../Core/api/source/lcd.c:382:6:lcdRequestDraw	16	static
../Core/api/source/lcd.c:401:6:lcdUpdateDraw	16	static
../Core/api/source/lcd.c:423:6:lcdSetWindow	24	static
../Core/api/source/lcd.c:433:11:lcdGetFrameBuffer	4	static
../Core/api/source/lcd.c:438:11:lcdGetCurrentFrameBuffer	4	static
../Core/api/source/lcd.c:443:6:lcdDisplayOff	4	static
../Core/api/source/lcd.c:448:6:lcdDislayOn	8	static
../Core/api/source/lcd.c:453:9:lcdGetWidth	4	static
../Core/api/source/lcd.c:458:9:lcdGetHeight	4	static
../Core/api/source/lcd.c:463:6:lcdDrawLine	48	static
../Core/api/source/lcd.c:520:6:lcdDrawLineBuffer	48	static
../Core/api/source/lcd.c:592:6:lcdDrawVLine	32	static
../Core/api/source/lcd.c:597:6:lcdDrawHLine	32	static
../Core/api/source/lcd.c:602:6:lcdDrawFillRect	32	static
../Core/api/source/lcd.c:610:6:lcdDrawRect	24	static
../Core/api/source/lcd.c:618:6:lcdDrawFillScreen	24	static
../Core/api/source/lcd.c:623:6:lcdPrintf	364	static
../Core/api/source/lcd.c:687:10:lcdGetStrWidth	328	static
../Core/api/source/lcd.c:717:6:disHanFont	40	static
../Core/api/source/lcd.c:750:6:disEngFont	40	static
../Core/api/source/lcd.c:768:6:lcdSetFont	16	static
../Core/api/source/lcd.c:773:9:lcdGetFont	4	static
../Core/api/source/lcd.c:781:6:cliLcd	32	static
