../Core/api/source/mcp2515.c:56:13:TransferDoneISR	4	static
../Core/api/source/mcp2515.c:61:6:mcp2515Init	40	static
../Core/api/source/mcp2515.c:125:6:mcp2515Reset	24	static
../Core/api/source/mcp2515.c:140:6:mcp2515SetMode	24	static
../Core/api/source/mcp2515.c:164:9:mcp2515GetMode	16	static
../Core/api/source/mcp2515.c:175:6:mcp2515SetBaud	24	static
../Core/api/source/mcp2515.c:224:9:mcp2515GetBaud	4	static
../Core/api/source/mcp2515.c:229:9:mcp2515ReadStatus	24	static
../Core/api/source/mcp2515.c:247:9:mcp2515ReadErrorFlags	8	static
../Core/api/source/mcp2515.c:252:6:mcp2515PrepareID	32	static
../Core/api/source/mcp2515.c:275:6:mcp2515SetFilterMask	24	static
../Core/api/source/mcp2515.c:295:6:mcp2515SetFilter	32	static
../Core/api/source/mcp2515.c:316:6:mcp2515SendMsg	40	static
../Core/api/source/mcp2515.c:362:6:mcp2515ReadMsg	48	static
../Core/api/source/mcp2515.c:419:9:mcp2515ReadReg	32	static
../Core/api/source/mcp2515.c:437:6:mcp2515ReadRegs	32	static
../Core/api/source/mcp2515.c:457:6:mcp2515WriteReg	32	static
../Core/api/source/mcp2515.c:473:6:mcp2515WriteRegs	32	static
../Core/api/source/mcp2515.c:492:6:mcp2515ModifyReg	32	static
../Core/api/source/mcp2515.c:511:6:mcp2515info	56	static
../Core/api/source/mcp2515.c:565:6:cliMCP2515	88	static
