../Core/api/source/sd.c:31:6:sdInit	16	static
../Core/api/source/sd.c:61:6:sdDeInit	16	static
../Core/api/source/sd.c:76:6:sdIsInit	4	static
../Core/api/source/sd.c:81:6:sdIsDetected	8	static
../Core/api/source/sd.c:95:6:sdGetInfo	80	static
../Core/api/source/sd.c:122:6:sdIsBusy	16	static
../Core/api/source/sd.c:138:6:sdIsReady	24	static
../Core/api/source/sd.c:154:6:sdReadBlocks	32	static
../Core/api/source/sd.c:186:6:sdWriteBlocks	32	static
../Core/api/source/sd.c:219:6:sdEraseBlocks	24	static
../Core/api/source/sd.c:232:6:HAL_SD_TxCpltCallback	16	static
../Core/api/source/sd.c:237:6:HAL_SD_RxCpltCallback	16	static
../Core/api/source/sd.c:244:6:cliSd	552	static
