../Core/api/source/sd.c:31:6:sdInit	16	static
../Core/api/source/sd.c:63:6:sdDeInit	16	static
../Core/api/source/sd.c:78:6:sdIsInit	4	static
../Core/api/source/sd.c:83:6:sdIsDetected	8	static
../Core/api/source/sd.c:97:6:sdGetInfo	80	static
../Core/api/source/sd.c:124:6:sdIsBusy	16	static
../Core/api/source/sd.c:140:6:sdIsReady	24	static
../Core/api/source/sd.c:156:6:sdReadBlocks	32	static
../Core/api/source/sd.c:188:6:sdWriteBlocks	32	static
../Core/api/source/sd.c:221:6:sdEraseBlocks	24	static
../Core/api/source/sd.c:234:13:HAL_SD_TxCpltCallback	16	static
../Core/api/source/sd.c:239:13:HAL_SD_RxCpltCallback	16	static
../Core/api/source/sd.c:246:6:cliSd	552	static
