../Core/api/lcd/st7735.c:56:13:TransferDoneISR	8	static
../Core/api/lcd/st7735.c:71:6:st7735Init	16	static
../Core/api/lcd/st7735.c:80:6:st7735InitDriver	16	static
../Core/api/lcd/st7735.c:92:6:st7735Reset	16	static
../Core/api/lcd/st7735.c:113:10:st7735GetWidth	4	static
../Core/api/lcd/st7735.c:118:10:st7735GetHeight	4	static
../Core/api/lcd/st7735.c:123:6:writecommand	16	static
../Core/api/lcd/st7735.c:133:6:writedata	16	static
../Core/api/lcd/st7735.c:143:6:st7735InitRegs	8	static
../Core/api/lcd/st7735.c:227:6:st7735SetRotation	16	static
../Core/api/lcd/st7735.c:251:6:st7735SetWindow	24	static
../Core/api/lcd/st7735.c:270:6:st7735FillRect	64	dynamic
../Core/api/lcd/st7735.c:306:6:st7735SendBuffer	24	static
../Core/api/lcd/st7735.c:319:6:st7735SetCallBack	16	static
