Archive member included to satisfy reference by file (symbol)

C:/ST/STM32CubeIDE_1.14.0/STM32CubeIDE/plugins/com.st.stm32cube.ide.mcu.externaltools.gnu-tools-for-stm32.11.3.rel1.win32_1.1.100.202309141235/tools/bin/../lib/gcc/arm-none-eabi/11.3.1/../../../../arm-none-eabi/lib/thumb/v7e-m+fp/hard\libc_nano.a(libc_a-exit.o)
                              C:/ST/STM32CubeIDE_1.14.0/STM32CubeIDE/plugins/com.st.stm32cube.ide.mcu.externaltools.gnu-tools-for-stm32.11.3.rel1.win32_1.1.100.202309141235/tools/bin/../lib/gcc/arm-none-eabi/11.3.1/../../../../arm-none-eabi/lib/thumb/v7e-m+fp/hard/crt0.o (exit)
C:/ST/STM32CubeIDE_1.14.0/STM32CubeIDE/plugins/com.st.stm32cube.ide.mcu.externaltools.gnu-tools-for-stm32.11.3.rel1.win32_1.1.100.202309141235/tools/bin/../lib/gcc/arm-none-eabi/11.3.1/../../../../arm-none-eabi/lib/thumb/v7e-m+fp/hard\libc_nano.a(libc_a-malloc.o)
                              ./FatFs/src/option/syscall.o (malloc)
C:/ST/STM32CubeIDE_1.14.0/STM32CubeIDE/plugins/com.st.stm32cube.ide.mcu.externaltools.gnu-tools-for-stm32.11.3.rel1.win32_1.1.100.202309141235/tools/bin/../lib/gcc/arm-none-eabi/11.3.1/../../../../arm-none-eabi/lib/thumb/v7e-m+fp/hard\libc_nano.a(libc_a-mallocr.o)
                              C:/ST/STM32CubeIDE_1.14.0/STM32CubeIDE/plugins/com.st.stm32cube.ide.mcu.externaltools.gnu-tools-for-stm32.11.3.rel1.win32_1.1.100.202309141235/tools/bin/../lib/gcc/arm-none-eabi/11.3.1/../../../../arm-none-eabi/lib/thumb/v7e-m+fp/hard\libc_nano.a(libc_a-malloc.o) (_malloc_r)
C:/ST/STM32CubeIDE_1.14.0/STM32CubeIDE/plugins/com.st.stm32cube.ide.mcu.externaltools.gnu-tools-for-stm32.11.3.rel1.win32_1.1.100.202309141235/tools/bin/../lib/gcc/arm-none-eabi/11.3.1/../../../../arm-none-eabi/lib/thumb/v7e-m+fp/hard\libc_nano.a(libc_a-mlock.o)
                              C:/ST/STM32CubeIDE_1.14.0/STM32CubeIDE/plugins/com.st.stm32cube.ide.mcu.externaltools.gnu-tools-for-stm32.11.3.rel1.win32_1.1.100.202309141235/tools/bin/../lib/gcc/arm-none-eabi/11.3.1/../../../../arm-none-eabi/lib/thumb/v7e-m+fp/hard\libc_nano.a(libc_a-mallocr.o) (__malloc_lock)
C:/ST/STM32CubeIDE_1.14.0/STM32CubeIDE/plugins/com.st.stm32cube.ide.mcu.externaltools.gnu-tools-for-stm32.11.3.rel1.win32_1.1.100.202309141235/tools/bin/../lib/gcc/arm-none-eabi/11.3.1/../../../../arm-none-eabi/lib/thumb/v7e-m+fp/hard\libc_nano.a(libc_a-strtod.o)
                              ./Core/api/source/cli.o (strtof)
C:/ST/STM32CubeIDE_1.14.0/STM32CubeIDE/plugins/com.st.stm32cube.ide.mcu.externaltools.gnu-tools-for-stm32.11.3.rel1.win32_1.1.100.202309141235/tools/bin/../lib/gcc/arm-none-eabi/11.3.1/../../../../arm-none-eabi/lib/thumb/v7e-m+fp/hard\libc_nano.a(libc_a-strtoul.o)
                              ./Core/api/source/cli.o (strtoul)
C:/ST/STM32CubeIDE_1.14.0/STM32CubeIDE/plugins/com.st.stm32cube.ide.mcu.externaltools.gnu-tools-for-stm32.11.3.rel1.win32_1.1.100.202309141235/tools/bin/../lib/gcc/arm-none-eabi/11.3.1/../../../../arm-none-eabi/lib/thumb/v7e-m+fp/hard\libc_nano.a(libc_a-ctype_.o)
                              C:/ST/STM32CubeIDE_1.14.0/STM32CubeIDE/plugins/com.st.stm32cube.ide.mcu.externaltools.gnu-tools-for-stm32.11.3.rel1.win32_1.1.100.202309141235/tools/bin/../lib/gcc/arm-none-eabi/11.3.1/../../../../arm-none-eabi/lib/thumb/v7e-m+fp/hard\libc_nano.a(libc_a-strtoul.o) (_ctype_)
C:/ST/STM32CubeIDE_1.14.0/STM32CubeIDE/plugins/com.st.stm32cube.ide.mcu.externaltools.gnu-tools-for-stm32.11.3.rel1.win32_1.1.100.202309141235/tools/bin/../lib/gcc/arm-none-eabi/11.3.1/../../../../arm-none-eabi/lib/thumb/v7e-m+fp/hard\libc_nano.a(libc_a-findfp.o)
                              C:/ST/STM32CubeIDE_1.14.0/STM32CubeIDE/plugins/com.st.stm32cube.ide.mcu.externaltools.gnu-tools-for-stm32.11.3.rel1.win32_1.1.100.202309141235/tools/bin/../lib/gcc/arm-none-eabi/11.3.1/../../../../arm-none-eabi/lib/thumb/v7e-m+fp/hard\libc_nano.a(libc_a-exit.o) (__stdio_exit_handler)
C:/ST/STM32CubeIDE_1.14.0/STM32CubeIDE/plugins/com.st.stm32cube.ide.mcu.externaltools.gnu-tools-for-stm32.11.3.rel1.win32_1.1.100.202309141235/tools/bin/../lib/gcc/arm-none-eabi/11.3.1/../../../../arm-none-eabi/lib/thumb/v7e-m+fp/hard\libc_nano.a(libc_a-fwalk.o)
                              C:/ST/STM32CubeIDE_1.14.0/STM32CubeIDE/plugins/com.st.stm32cube.ide.mcu.externaltools.gnu-tools-for-stm32.11.3.rel1.win32_1.1.100.202309141235/tools/bin/../lib/gcc/arm-none-eabi/11.3.1/../../../../arm-none-eabi/lib/thumb/v7e-m+fp/hard\libc_nano.a(libc_a-findfp.o) (_fwalk_sglue)
C:/ST/STM32CubeIDE_1.14.0/STM32CubeIDE/plugins/com.st.stm32cube.ide.mcu.externaltools.gnu-tools-for-stm32.11.3.rel1.win32_1.1.100.202309141235/tools/bin/../lib/gcc/arm-none-eabi/11.3.1/../../../../arm-none-eabi/lib/thumb/v7e-m+fp/hard\libc_nano.a(libc_a-stdio.o)
[...]
Memory Configuration

Name             Origin             Length             Attributes
RAM              0x0000000020000000 0x0000000000020000 xrw
FLASH            0x0000000008000000 0x0000000000080000 xr
*default*        0x0000000000000000 0xffffffffffffffff

Linker script and memory map

LOAD C:/ST/STM32CubeIDE_1.14.0/STM32CubeIDE/plugins/com.st.stm32cube.ide.mcu.externaltools.gnu-tools-for-stm32.11.3.rel1.win32_1.1.100.202309141235/tools/bin/../lib/gcc/arm-none-eabi/11.3.1/thumb/v7e-m+fp/hard/crti.o
LOAD C:/ST/STM32CubeIDE_1.14.0/STM32CubeIDE/plugins/com.st.stm32cube.ide.mcu.externaltools.gnu-tools-for-stm32.11.3.rel1.win32_1.1.100.202309141235/tools/bin/../lib/gcc/arm-none-eabi/11.3.1/thumb/v7e-m+fp/hard/crtbegin.o
LOAD C:/ST/STM32CubeIDE_1.14.0/STM32CubeIDE/plugins/com.st.stm32cube.ide.mcu.externaltools.gnu-tools-for-stm32.11.3.rel1.win32_1.1.100.202309141235/tools/bin/../lib/gcc/arm-none-eabi/11.3.1/../../../../arm-none-eabi/lib/thumb/v7e-m+fp/hard/crt0.o
LOAD ./Core/Src/dma.o
LOAD ./Core/Src/flash.o
LOAD ./Core/Src/gpio.o
LOAD ./Core/Src/main.o
LOAD ./Core/Src/sdio.o
LOAD ./Core/Src/stm32f4xx_hal_msp.o
LOAD ./Core/Src/stm32f4xx_it.o
LOAD ./Core/Src/syscalls.o
LOAD ./Core/Src/sysmem.o
LOAD ./Core/Src/system_stm32f4xx.o
LOAD ./Core/Startup/startup_stm32f411ceux.o
LOAD ./Core/api/common.o
LOAD ./Core/api/qbuffer.o
LOAD ./Core/api/fatfs/sd_diskio.o
LOAD ./Core/api/source/cdc.o
LOAD ./Core/api/source/cli.o
LOAD ./Core/api/source/fatfs.o
LOAD ./Core/api/source/gpio_api.o
LOAD ./Core/api/source/led.o
LOAD ./Core/api/source/sd.o
LOAD ./Core/api/source/uart.o
LOAD ./Drivers/STM32F4xx_HAL_Driver/Src/stm32f4xx_hal.o
LOAD ./Drivers/STM32F4xx_HAL_Driver/Src/stm32f4xx_hal_cortex.o
LOAD ./Drivers/STM32F4xx_HAL_Driver/Src/stm32f4xx_hal_dma.o
LOAD ./Drivers/STM32F4xx_HAL_Driver/Src/stm32f4xx_hal_dma_ex.o
LOAD ./Drivers/STM32F4xx_HAL_Driver/Src/stm32f4xx_hal_exti.o
LOAD ./Drivers/STM32F4xx_HAL_Driver/Src/stm32f4xx_hal_flash.o
LOAD ./Drivers/STM32F4xx_HAL_Driver/Src/stm32f4xx_hal_flash_ex.o
LOAD ./Drivers/STM32F4xx_HAL_Driver/Src/stm32f4xx_hal_flash_ramfunc.o
LOAD ./Drivers/STM32F4xx_HAL_Driver/Src/stm32f4xx_hal_gpio.o
LOAD ./Drivers/STM32F4xx_HAL_Driver/Src/stm32f4xx_hal_pcd.o
LOAD ./Drivers/STM32F4xx_HAL_Driver/Src/stm32f4xx_hal_pcd_ex.o
LOAD ./Drivers/STM32F4xx_HAL_Driver/Src/stm32f4xx_hal_pwr.o
LOAD ./Drivers/STM32F4xx_HAL_Driver/Src/stm32f4xx_hal_pwr_ex.o
LOAD ./Drivers/STM32F4xx_HAL_Driver/Src/stm32f4xx_hal_rcc.o
LOAD ./Drivers/STM32F4xx_HAL_Driver/Src/stm32f4xx_hal_rcc_ex.o
LOAD ./Drivers/STM32F4xx_HAL_Driver/Src/stm32f4xx_hal_sd.o
LOAD ./Drivers/STM32F4xx_HAL_Driver/Src/stm32f4xx_hal_tim.o
LOAD ./Drivers/STM32F4xx_HAL_Driver/Src/stm32f4xx_hal_tim_ex.o
LOAD ./Drivers/STM32F4xx_HAL_Driver/Src/stm32f4xx_ll_sdmmc.o
LOAD ./Drivers/STM32F4xx_HAL_Driver/Src/stm32f4xx_ll_usb.o
LOAD ./FatFs/src/diskio.o
LOAD ./FatFs/src/ff.o
LOAD ./FatFs/src/ff_gen_drv.o
LOAD ./FatFs/src/option/syscall.o
LOAD ./FatFs/src/option/unicode.o
LOAD ./Middlewares/ST/STM32_USB_Device_Library/Class/CDC/Src/usbd_cdc.o
LOAD ./Middlewares/ST/STM32_USB_Device_Library/Core/Src/usbd_core.o
LOAD ./Middlewares/ST/STM32_USB_Device_Library/Core/Src/usbd_ctlreq.o
LOAD ./Middlewares/ST/STM32_USB_Device_Library/Core/Src/usbd_ioreq.o
LOAD ./USB_DEVICE/App/usb_device.o
LOAD ./USB_DEVICE/App/usbd_cdc_if.o
LOAD ./USB_DEVICE/App/usbd_desc.o
LOAD ./USB_DEVICE/Target/usbd_conf.o
START GROUP
LOAD C:/ST/STM32CubeIDE_1.14.0/STM32CubeIDE/plugins/com.st.stm32cube.ide.mcu.externaltools.gnu-tools-for-stm32.11.3.rel1.win32_1.1.100.202309141235/tools/bin/../lib/gcc/arm-none-eabi/11.3.1/../../../../arm-none-eabi/lib/thumb/v7e-m+fp/hard\libc_nano.a
LOAD C:/ST/STM32CubeIDE_1.14.0/STM32CubeIDE/plugins/com.st.stm32cube.ide.mcu.externaltools.gnu-tools-for-stm32.11.3.rel1.win32_1.1.100.202309141235/tools/bin/../lib/gcc/arm-none-eabi/11.3.1/../../../../arm-none-eabi/lib/thumb/v7e-m+fp/hard\libm.a
END GROUP
START GROUP
LOAD C:/ST/STM32CubeIDE_1.14.0/STM32CubeIDE/plugins/com.st.stm32cube.ide.mcu.externaltools.gnu-tools-for-stm32.11.3.rel1.win32_1.1.100.202309141235/tools/bin/../lib/gcc/arm-none-eabi/11.3.1/thumb/v7e-m+fp/hard\libgcc.a
LOAD C:/ST/STM32CubeIDE_1.14.0/STM32CubeIDE/plugins/com.st.stm32cube.ide.mcu.externaltools.gnu-tools-for-stm32.11.3.rel1.win32_1.1.100.202309141235/tools/bin/../lib/gcc/arm-none-eabi/11.3.1/../../../../arm-none-eabi/lib/thumb/v7e-m+fp/hard\libc_nano.a
END GROUP
START GROUP
LOAD C:/ST/STM32CubeIDE_1.14.0/STM32CubeIDE/plugins/com.st.stm32cube.ide.mcu.externaltools.gnu-tools-for-stm32.11.3.rel1.win32_1.1.100.202309141235/tools/bin/../lib/gcc/arm-none-eabi/11.3.1/thumb/v7e-m+fp/hard\libgcc.a
LOAD C:/ST/STM32CubeIDE_1.14.0/STM32CubeIDE/plugins/com.st.stm32cube.ide.mcu.externaltools.gnu-tools-for-stm32.11.3.rel1.win32_1.1.100.202309141235/tools/bin/../lib/gcc/arm-none-eabi/11.3.1/../../../../arm-none-eabi/lib/thumb/v7e-m+fp/hard\libc_nano.a
LOAD C:/ST/STM32CubeIDE_1.14.0/STM32CubeIDE/plugins/com.st.stm32cube.ide.mcu.externaltools.gnu-tools-for-stm32.11.3.rel1.win32_1.1.100.202309141235/tools/bin/../lib/gcc/arm-none-eabi/11.3.1/../../../../arm-none-eabi/lib/thumb/v7e-m+fp/hard\libnosys.a
END GROUP
START GROUP
LOAD C:/ST/STM32CubeIDE_1.14.0/STM32CubeIDE/plugins/com.st.stm32cube.ide.mcu.externaltools.gnu-tools-for-stm32.11.3.rel1.win32_1.1.100.202309141235/tools/bin/../lib/gcc/arm-none-eabi/11.3.1/thumb/v7e-m+fp/hard\libgcc.a
LOAD C:/ST/STM32CubeIDE_1.14.0/STM32CubeIDE/plugins/com.st.stm32cube.ide.mcu.externaltools.gnu-tools-for-stm32.11.3.rel1.win32_1.1.100.202309141235/tools/bin/../lib/gcc/arm-none-eabi/11.3.1/../../../../arm-none-eabi/lib/thumb/v7e-m+fp/hard\libc_nano.a
LOAD C:/ST/STM32CubeIDE_1.14.0/STM32CubeIDE/plugins/com.st.stm32cube.ide.mcu.externaltools.gnu-tools-for-stm32.11.3.rel1.win32_1.1.100.202309141235/tools/bin/../lib/gcc/arm-none-eabi/11.3.1/../../../../arm-none-eabi/lib/thumb/v7e-m+fp/hard\libnosys.a
END GROUP
LOAD C:/ST/STM32CubeIDE_1.14.0/STM32CubeIDE/plugins/com.st.stm32cube.ide.mcu.externaltools.gnu-tools-for-stm32.11.3.rel1.win32_1.1.100.202309141235/tools/bin/../lib/gcc/arm-none-eabi/11.3.1/thumb/v7e-m+fp/hard/crtend.o
LOAD C:/ST/STM32CubeIDE_1.14.0/STM32CubeIDE/plugins/com.st.stm32cube.ide.mcu.externaltools.gnu-tools-for-stm32.11.3.rel1.win32_1.1.100.202309141235/tools/bin/../lib/gcc/arm-none-eabi/11.3.1/thumb/v7e-m+fp/hard/crtn.o
                0x0000000020020000                _estack = (ORIGIN (RAM) + LENGTH (RAM))
                0x0000000000000200                _Min_Heap_Size = 0x200
                0x0000000000000400                _Min_Stack_Size = 0x400

.isr_vector     0x0000000008000000      0x198
                0x0000000008000000                . = ALIGN (0x4)
 *(.isr_vector)
 .isr_vector    0x0000000008000000      0x198 ./Core/Startup/startup_stm32f411ceux.o
                0x0000000008000000                g_pfnVectors
                0x0000000008000198                . = ALIGN (0x4)

.text           0x00000000080001a0    0x13630
                0x00000000080001a0                . = ALIGN (0x4)
 *(.text)
 .text          0x00000000080001a0       0x40 C:/ST/STM32CubeIDE_1.14.0/STM32CubeIDE/plugins/com.st.stm32cube.ide.mcu.externaltools.gnu-tools-for-stm32.11.3.rel1.win32_1.1.100.202309141235/tools/bin/../lib/gcc/arm-none-eabi/11.3.1/thumb/v7e-m+fp/hard/crtbegin.o
 .text          0x00000000080001e0       0x14 C:/ST/STM32CubeIDE_1.14.0/STM32CubeIDE/plugins/com.st.stm32cube.ide.mcu.externaltools.gnu-tools-for-stm32.11.3.rel1.win32_1.1.100.202309141235/tools/bin/../lib/gcc/arm-none-eabi/11.3.1/../../../../arm-none-eabi/lib/thumb/v7e-m+fp/hard\libc_nano.a(libc_a-strcmp.o)
                0x00000000080001e0                strcmp
 *fill*         0x00000000080001f4        0xc 
 .text          0x0000000008000200       0xa0 C:/ST/STM32CubeIDE_1.14.0/STM32CubeIDE/plugins/com.st.stm32cube.ide.mcu.externaltools.gnu-tools-for-stm32.11.3.rel1.win32_1.1.100.202309141235/tools/bin/../lib/gcc/arm-none-eabi/11.3.1/../../../../arm-none-eabi/lib/thumb/v7e-m+fp/hard\libc_nano.a(libc_a-memchr.o)
                0x0000000008000200                memchr
 .text          0x00000000080002a0      0x378 C:/ST/STM32CubeIDE_1.14.0/STM32CubeIDE/plugins/com.st.stm32cube.ide.mcu.externaltools.gnu-tools-for-stm32.11.3.rel1.win32_1.1.100.202309141235/tools/bin/../lib/gcc/arm-none-eabi/11.3.1/thumb/v7e-m+fp/hard\libgcc.a(_arm_addsubdf3.o)
                0x00000000080002a0                __aeabi_drsub
                0x00000000080002a8                __aeabi_dsub
                0x00000000080002a8                __subdf3
                0x00000000080002ac                __aeabi_dadd
                0x00000000080002ac                __adddf3
                0x0000000008000524                __floatunsidf
                0x0000000008000524                __aeabi_ui2d
                0x0000000008000544                __floatsidf
                0x0000000008000544                __aeabi_i2d
                0x0000000008000568                __aeabi_f2d
                0x0000000008000568                __extendsfdf2
                0x00000000080005ac                __floatundidf
                0x00000000080005ac                __aeabi_ul2d
                0x00000000080005bc                __floatdidf
                0x00000000080005bc                __aeabi_l2d
 .text          0x0000000008000618      0x424 C:/ST/STM32CubeIDE_1.14.0/STM32CubeIDE/plugins/com.st.stm32cube.ide.mcu.externaltools.gnu-tools-for-stm32.11.3.rel1.win32_1.1.100.202309141235/tools/bin/../lib/gcc/arm-none-eabi/11.3.1/thumb/v7e-m+fp/hard\libgcc.a(_arm_muldivdf3.o)
                0x0000000008000618                __aeabi_dmul
                0x0000000008000618                __muldf3
                0x000000000800086c                __divdf3
                0x000000000800086c                __aeabi_ddiv
 .text          0x0000000008000a3c      0x110 C:/ST/STM32CubeIDE_1.14.0/STM32CubeIDE/plugins/com.st.stm32cube.ide.mcu.externaltools.gnu-tools-for-stm32.11.3.rel1.win32_1.1.100.202309141235/tools/bin/../lib/gcc/arm-none-eabi/11.3.1/thumb/v7e-m+fp/hard\libgcc.a(_arm_cmpdf2.o)
                0x0000000008000a3c                __gtdf2
                0x0000000008000a3c                __gedf2
                0x0000000008000a44                __ltdf2
                0x0000000008000a44                __ledf2
                0x0000000008000a4c                __nedf2
                0x0000000008000a4c                __eqdf2
                0x0000000008000a4c                __cmpdf2
                0x0000000008000ac8                __aeabi_cdrcmple
                0x0000000008000ad8                __aeabi_cdcmpeq
                0x0000000008000ad8                __aeabi_cdcmple
                0x0000000008000ae8                __aeabi_dcmpeq
                0x0000000008000afc                __aeabi_dcmplt
                0x0000000008000b10                __aeabi_dcmple
                0x0000000008000b24                __aeabi_dcmpge
                0x0000000008000b38                __aeabi_dcmpgt
 .text          0x0000000008000b4c       0x2c C:/ST/STM32CubeIDE_1.14.0/STM32CubeIDE/plugins/com.st.stm32cube.ide.mcu.externaltools.gnu-tools-for-stm32.11.3.rel1.win32_1.1.100.202309141235/tools/bin/../lib/gcc/arm-none-eabi/11.3.1/thumb/v7e-m+fp/hard\libgcc.a(_arm_unorddf2.o)
                0x0000000008000b4c                __unorddf2
                0x0000000008000b4c                __aeabi_dcmpun
 .text          0x0000000008000b78       0x40 C:/ST/STM32CubeIDE_1.14.0/STM32CubeIDE/plugins/com.st.stm32cube.ide.mcu.externaltools.gnu-tools-for-stm32.11.3.rel1.win32_1.1.100.202309141235/tools/bin/../lib/gcc/arm-none-eabi/11.3.1/thumb/v7e-m+fp/hard\libgcc.a(_arm_fixunsdfsi.o)
                0x0000000008000b78                __aeabi_d2uiz
                0x0000000008000b78                __fixunsdfsi
 .text          0x0000000008000bb8       0xa0 C:/ST/STM32CubeIDE_1.14.0/STM32CubeIDE/plugins/com.st.stm32cube.ide.mcu.externaltools.gnu-tools-for-stm32.11.3.rel1.win32_1.1.100.202309141235/tools/bin/../lib/gcc/arm-none-eabi/11.3.1/thumb/v7e-m+fp/hard\libgcc.a(_arm_truncdfsf2.o)
                0x0000000008000bb8                __truncdfsf2
                0x0000000008000bb8                __aeabi_d2f
 .text          0x0000000008000c58       0x30 C:/ST/STM32CubeIDE_1.14.0/STM32CubeIDE/plugins/com.st.stm32cube.ide.mcu.externaltools.gnu-tools-for-stm32.11.3.rel1.win32_1.1.100.202309141235/tools/bin/../lib/gcc/arm-none-eabi/11.3.1/thumb/v7e-m+fp/hard\libgcc.a(_aeabi_uldivmod.o)
                0x0000000008000c58                __aeabi_uldivmod
 .text          0x0000000008000c88       0x30 C:/ST/STM32CubeIDE_1.14.0/STM32CubeIDE/plugins/com.st.stm32cube.ide.mcu.externaltools.gnu-tools-for-stm32.11.3.rel1.win32_1.1.100.202309141235/tools/bin/../lib/gcc/arm-none-eabi/11.3.1/thumb/v7e-m+fp/hard\libgcc.a(_fixdfdi.o)
                0x0000000008000c88                __fixdfdi
                0x0000000008000c88                __aeabi_d2lz
 .text          0x0000000008000cb8       0x3c C:/ST/STM32CubeIDE_1.14.0/STM32CubeIDE/plugins/com.st.stm32cube.ide.mcu.externaltools.gnu-tools-for-stm32.11.3.rel1.win32_1.1.100.202309141235/tools/bin/../lib/gcc/arm-none-eabi/11.3.1/thumb/v7e-m+fp/hard\libgcc.a(_fixunsdfdi.o)
                0x0000000008000cb8                __fixunsdfdi
                0x0000000008000cb8                __aeabi_d2ulz
 .text          0x0000000008000cf4      0x2c8 C:/ST/STM32CubeIDE_1.14.0/STM32CubeIDE/plugins/com.st.stm32cube.ide.mcu.externaltools.gnu-tools-for-stm32.11.3.rel1.win32_1.1.100.202309141235/tools/bin/../lib/gcc/arm-none-eabi/11.3.1/thumb/v7e-m+fp/hard\libgcc.a(_udivmoddi4.o)
                0x0000000008000cf4                __udivmoddi4
 .text          0x0000000008000fbc        0x4 C:/ST/STM32CubeIDE_1.14.0/STM32CubeIDE/plugins/com.st.stm32cube.ide.mcu.externaltools.gnu-tools-for-stm32.11.3.rel1.win32_1.1.100.202309141235/tools/bin/../lib/gcc/arm-none-eabi/11.3.1/thumb/v7e-m+fp/hard\libgcc.a(_dvmd_tls.o)
                0x0000000008000fbc                __aeabi_idiv0
                0x0000000008000fbc                __aeabi_ldiv0
 *(.text*)
 .text.MX_DMA_Init
                0x0000000008000fc0       0x50 ./Core/Src/dma.o
                0x0000000008000fc0                MX_DMA_Init
 .text.MX_GPIO_Init
                0x0000000008001010       0xe0 ./Core/Src/gpio.o
                0x0000000008001010                MX_GPIO_Init
 .text.main     0x00000000080010f0       0x40 ./Core/Src/main.o
                0x00000000080010f0                main
 .text.SystemClock_Config
                0x0000000008001130       0xd0 ./Core/Src/main.o
                0x0000000008001130                SystemClock_Config
 .text.Error_Handler
                0x0000000008001200        0xa ./Core/Src/main.o
                0x0000000008001200                Error_Handler
 *fill*         0x000000000800120a        0x2 
 .text.MX_SDIO_SD_Init
                0x000000000800120c       0x60 ./Core/Src/sdio.o
                0x000000000800120c                MX_SDIO_SD_Init
 .text.HAL_SD_MspInit
                0x000000000800126c      0x1e0 ./Core/Src/sdio.o
                0x000000000800126c                HAL_SD_MspInit
 .text.HAL_MspInit
                0x000000000800144c       0x50 ./Core/Src/stm32f4xx_hal_msp.o
                0x000000000800144c                HAL_MspInit
 .text.NMI_Handler
                0x000000000800149c        0x6 ./Core/Src/stm32f4xx_it.o
                0x000000000800149c                NMI_Handler
 .text.HardFault_Handler
                0x00000000080014a2        0x6 ./Core/Src/stm32f4xx_it.o
                0x00000000080014a2                HardFault_Handler
 .text.MemManage_Handler
                0x00000000080014a8        0x6 ./Core/Src/stm32f4xx_it.o
                0x00000000080014a8                MemManage_Handler
 .text.BusFault_Handler
                0x00000000080014ae        0x6 ./Core/Src/stm32f4xx_it.o
                0x00000000080014ae                BusFault_Handler
 .text.UsageFault_Handler
                0x00000000080014b4        0x6 ./Core/Src/stm32f4xx_it.o
                0x00000000080014b4                UsageFault_Handler
 .text.SVC_Handler
                0x00000000080014ba        0xe ./Core/Src/stm32f4xx_it.o
                0x00000000080014ba                SVC_Handler
 .text.DebugMon_Handler
                0x00000000080014c8        0xe ./Core/Src/stm32f4xx_it.o
                0x00000000080014c8                DebugMon_Handler
 .text.PendSV_Handler
                0x00000000080014d6        0xe ./Core/Src/stm32f4xx_it.o
                0x00000000080014d6                PendSV_Handler
 .text.SysTick_Handler
                0x00000000080014e4        0xc ./Core/Src/stm32f4xx_it.o
                0x00000000080014e4                SysTick_Handler
 .text.SDIO_IRQHandler
                0x00000000080014f0       0x14 ./Core/Src/stm32f4xx_it.o
                0x00000000080014f0                SDIO_IRQHandler
 .text.DMA2_Stream3_IRQHandler
                0x0000000008001504       0x14 ./Core/Src/stm32f4xx_it.o
                0x0000000008001504                DMA2_Stream3_IRQHandler
 .text.OTG_FS_IRQHandler
                0x0000000008001518       0x14 ./Core/Src/stm32f4xx_it.o
                0x0000000008001518                OTG_FS_IRQHandler
 .text.DMA2_Stream6_IRQHandler
                0x000000000800152c       0x14 ./Core/Src/stm32f4xx_it.o
                0x000000000800152c                DMA2_Stream6_IRQHandler
 .text._getpid  0x0000000008001540       0x10 ./Core/Src/syscalls.o
                0x0000000008001540                _getpid
 .text._kill    0x0000000008001550       0x20 ./Core/Src/syscalls.o
                0x0000000008001550                _kill
 .text._exit    0x0000000008001570       0x14 ./Core/Src/syscalls.o
                0x0000000008001570                _exit
 .text._read    0x0000000008001584       0x3a ./Core/Src/syscalls.o
                0x0000000008001584                _read
 .text._write   0x00000000080015be       0x38 ./Core/Src/syscalls.o
                0x00000000080015be                _write
 .text._close   0x00000000080015f6       0x18 ./Core/Src/syscalls.o
                0x00000000080015f6                _close
 .text._fstat   0x000000000800160e       0x20 ./Core/Src/syscalls.o
                0x000000000800160e                _fstat
 .text._isatty  0x000000000800162e       0x16 ./Core/Src/syscalls.o
                0x000000000800162e                _isatty
 .text._lseek   0x0000000008001644       0x1a ./Core/Src/syscalls.o
                0x0000000008001644                _lseek
 *fill*         0x000000000800165e        0x2 
 .text._sbrk    0x0000000008001660       0x6c ./Core/Src/sysmem.o
                0x0000000008001660                _sbrk
 .text.SystemInit
                0x00000000080016cc       0x24 ./Core/Src/system_stm32f4xx.o
                0x00000000080016cc                SystemInit
 .text.Reset_Handler
                0x00000000080016f0       0x50 ./Core/Startup/startup_stm32f411ceux.o
                0x00000000080016f0                Reset_Handler
 .text.Default_Handler
                0x0000000008001740        0x2 ./Core/Startup/startup_stm32f411ceux.o
                0x0000000008001740                RTC_Alarm_IRQHandler
                0x0000000008001740                EXTI2_IRQHandler
                0x0000000008001740                SPI4_IRQHandler
                0x0000000008001740                TIM1_CC_IRQHandler
                0x0000000008001740                DMA2_Stream5_IRQHandler
                0x0000000008001740                DMA1_Stream5_IRQHandler
                0x0000000008001740                PVD_IRQHandler
                0x0000000008001740                TAMP_STAMP_IRQHandler
                0x0000000008001740                EXTI3_IRQHandler
                0x0000000008001740                TIM1_UP_TIM10_IRQHandler
                0x0000000008001740                I2C3_ER_IRQHandler
                0x0000000008001740                EXTI0_IRQHandler
                0x0000000008001740                I2C2_EV_IRQHandler
                0x0000000008001740                DMA1_Stream2_IRQHandler
                0x0000000008001740                FPU_IRQHandler
                0x0000000008001740                DMA2_Stream2_IRQHandler
                0x0000000008001740                SPI1_IRQHandler
                0x0000000008001740                TIM1_BRK_TIM9_IRQHandler
                0x0000000008001740                USART6_IRQHandler
                0x0000000008001740                DMA2_Stream0_IRQHandler
                0x0000000008001740                TIM4_IRQHandler
                0x0000000008001740                I2C1_EV_IRQHandler
                0x0000000008001740                DMA1_Stream6_IRQHandler
                0x0000000008001740                DMA1_Stream1_IRQHandler
                0x0000000008001740                TIM3_IRQHandler
                0x0000000008001740                RCC_IRQHandler
                0x0000000008001740                Default_Handler
                0x0000000008001740                EXTI15_10_IRQHandler
                0x0000000008001740                ADC_IRQHandler
                0x0000000008001740                DMA1_Stream7_IRQHandler
                0x0000000008001740                SPI5_IRQHandler
                0x0000000008001740                TIM5_IRQHandler
                0x0000000008001740                DMA2_Stream7_IRQHandler
                0x0000000008001740                I2C3_EV_IRQHandler
                0x0000000008001740                EXTI9_5_IRQHandler
                0x0000000008001740                RTC_WKUP_IRQHandler
                0x0000000008001740                SPI2_IRQHandler
                0x0000000008001740                DMA1_Stream0_IRQHandler
                0x0000000008001740                EXTI4_IRQHandler
                0x0000000008001740                WWDG_IRQHandler
                0x0000000008001740                TIM2_IRQHandler
                0x0000000008001740                OTG_FS_WKUP_IRQHandler
                0x0000000008001740                TIM1_TRG_COM_TIM11_IRQHandler
                0x0000000008001740                EXTI1_IRQHandler
                0x0000000008001740                USART2_IRQHandler
                0x0000000008001740                I2C2_ER_IRQHandler
                0x0000000008001740                DMA2_Stream1_IRQHandler
                0x0000000008001740                FLASH_IRQHandler
                0x0000000008001740                DMA2_Stream4_IRQHandler
                0x0000000008001740                USART1_IRQHandler
                0x0000000008001740                SPI3_IRQHandler
                0x0000000008001740                DMA1_Stream4_IRQHandler
                0x0000000008001740                I2C1_ER_IRQHandler
                0x0000000008001740                DMA1_Stream3_IRQHandler
 .text.delay    0x0000000008001742       0x16 ./Core/api/common.o
                0x0000000008001742                delay
 .text.millis   0x0000000008001758        0xe ./Core/api/common.o
                0x0000000008001758                millis
 *fill*         0x0000000008001766        0x2 
 .text.SD_CheckStatus
                0x0000000008001768       0x84 ./Core/api/fatfs/sd_diskio.o
 .text.SD_initialize
                0x00000000080017ec       0x44 ./Core/api/fatfs/sd_diskio.o
                0x00000000080017ec                SD_initialize
 .text.SD_status
                0x0000000008001830       0x1c ./Core/api/fatfs/sd_diskio.o
                0x0000000008001830                SD_status
 .text.SD_read  0x000000000800184c       0x36 ./Core/api/fatfs/sd_diskio.o
                0x000000000800184c                SD_read
 .text.SD_write
                0x0000000008001882       0x36 ./Core/api/fatfs/sd_diskio.o
                0x0000000008001882                SD_write
 .text.SD_ioctl
                0x00000000080018b8       0xb0 ./Core/api/fatfs/sd_diskio.o
                0x00000000080018b8                SD_ioctl
 .text.cdcAvailable
                0x0000000008001968       0x2c ./Core/api/source/cdc.o
                0x0000000008001968                cdcAvailable
 .text.cdcRead  0x0000000008001994       0x48 ./Core/api/source/cdc.o
                0x0000000008001994                cdcRead
 .text.cdcDataIn
                0x00000000080019dc       0x48 ./Core/api/source/cdc.o
                0x00000000080019dc                cdcDataIn
 .text.cdcWrite
                0x0000000008001a24       0x54 ./Core/api/source/cdc.o
                0x0000000008001a24                cdcWrite
 .text.cliInit  0x0000000008001a78       0x98 ./Core/api/source/cli.o
                0x0000000008001a78                cliInit
 .text.cliOpen  0x0000000008001b10       0x3c ./Core/api/source/cli.o
                0x0000000008001b10                cliOpen
 .text.cliShowLog
                0x0000000008001b4c      0x104 ./Core/api/source/cli.o
                0x0000000008001b4c                cliShowLog
 .text.cliShowPrompt
                0x0000000008001c50       0x30 ./Core/api/source/cli.o
 .text.cliMain  0x0000000008001c80       0x44 ./Core/api/source/cli.o
                0x0000000008001c80                cliMain
 .text.cliUpdate
                0x0000000008001cc4      0x4c8 ./Core/api/source/cli.o
 .text.cliLineClean
                0x000000000800218c       0x34 ./Core/api/source/cli.o
 .text.cliLineAdd
                0x00000000080021c0       0x94 ./Core/api/source/cli.o
 .text.cliLineChange
                0x0000000008002254      0x114 ./Core/api/source/cli.o
 .text.cliRunCmd
                0x0000000008002368       0xb4 ./Core/api/source/cli.o
 .text.cliParseArgs
                0x000000000800241c       0x90 ./Core/api/source/cli.o
 .text.cliPrintf
                0x00000000080024ac       0x48 ./Core/api/source/cli.o
                0x00000000080024ac                cliPrintf
 .text.cliToUpper
                0x00000000080024f4       0x68 ./Core/api/source/cli.o
 .text.cliArgsGetData
                0x000000000800255c       0x50 ./Core/api/source/cli.o
 .text.cliArgsGetFloat
                0x00000000080025ac       0x58 ./Core/api/source/cli.o
 .text.cliArgsGetStr
                0x0000000008002604       0x48 ./Core/api/source/cli.o
 .text.cliArgsIsStr
                0x000000000800264c       0x54 ./Core/api/source/cli.o
 .text.cliKeepLoop
                0x00000000080026a0       0x2c ./Core/api/source/cli.o
                0x00000000080026a0                cliKeepLoop
 .text.cliAdd   0x00000000080026cc       0x94 ./Core/api/source/cli.o
                0x00000000080026cc                cliAdd
 .text.cliShowList
                0x0000000008002760       0x70 ./Core/api/source/cli.o
                0x0000000008002760                cliShowList
 .text.cliMemoryDump
                0x00000000080027d0      0x144 ./Core/api/source/cli.o
                0x00000000080027d0                cliMemoryDump
 .text.fatfsInit
                0x0000000008002914       0x58 ./Core/api/source/fatfs.o
                0x0000000008002914                fatfsInit
 .text.fatfsDir
                0x000000000800296c       0xd4 ./Core/api/source/fatfs.o
                0x000000000800296c                fatfsDir
 .text.cliFatfs
                0x0000000008002a40      0x2d0 ./Core/api/source/fatfs.o
 .text.gpioInit
                0x0000000008002d10       0x24 ./Core/api/source/gpio_api.o
                0x0000000008002d10                gpioInit
 .text.gpioPinWrite
                0x0000000008002d34       0xa4 ./Core/api/source/gpio_api.o
                0x0000000008002d34                gpioPinWrite
 .text.gpioPinRead
                0x0000000008002dd8       0x70 ./Core/api/source/gpio_api.o
                0x0000000008002dd8                gpioPinRead
 .text.cliGpio  0x0000000008002e48      0x164 ./Core/api/source/gpio_api.o
 .text.ledInit  0x0000000008002fac       0x3c ./Core/api/source/led.o
                0x0000000008002fac                ledInit
 .text.ledOff   0x0000000008002fe8       0x40 ./Core/api/source/led.o
                0x0000000008002fe8                ledOff
 .text.ledToggle
                0x0000000008003028       0x38 ./Core/api/source/led.o
                0x0000000008003028                ledToggle
 .text.cliLed   0x0000000008003060       0xa0 ./Core/api/source/led.o
 .text.sdInit   0x0000000008003100       0x7c ./Core/api/source/sd.o
                0x0000000008003100                sdInit
 .text.sdIsInit
                0x000000000800317c       0x18 ./Core/api/source/sd.o
                0x000000000800317c                sdIsInit
 .text.sdIsDetected
                0x0000000008003194       0x2c ./Core/api/source/sd.o
                0x0000000008003194                sdIsDetected
 .text.sdGetInfo
                0x00000000080031c0       0xb0 ./Core/api/source/sd.o
                0x00000000080031c0                sdGetInfo
 .text.sdIsBusy
                0x0000000008003270       0x2c ./Core/api/source/sd.o
                0x0000000008003270                sdIsBusy
 .text.sdIsReady
                0x000000000800329c       0x3e ./Core/api/source/sd.o
                0x000000000800329c                sdIsReady
 *fill*         0x00000000080032da        0x2 
 .text.sdReadBlocks
                0x00000000080032dc       0x94 ./Core/api/source/sd.o
                0x00000000080032dc                sdReadBlocks
 .text.sdWriteBlocks
                0x0000000008003370       0x98 ./Core/api/source/sd.o
                0x0000000008003370                sdWriteBlocks
 .text.HAL_SD_TxCpltCallback
                0x0000000008003408       0x20 ./Core/api/source/sd.o
                0x0000000008003408                HAL_SD_TxCpltCallback
 .text.HAL_SD_RxCpltCallback
                0x0000000008003428       0x20 ./Core/api/source/sd.o
                0x0000000008003428                HAL_SD_RxCpltCallback
 .text.cliSd    0x0000000008003448      0x270 ./Core/api/source/sd.o
 .text.uartOpen
                0x00000000080036b8       0x38 ./Core/api/source/uart.o
                0x00000000080036b8                uartOpen
 .text.uartAvailable
                0x00000000080036f0       0x26 ./Core/api/source/uart.o
                0x00000000080036f0                uartAvailable
 .text.uartRead
                0x0000000008003716       0x28 ./Core/api/source/uart.o
                0x0000000008003716                uartRead
 .text.uartWrite
                0x000000000800373e       0x2e ./Core/api/source/uart.o
                0x000000000800373e                uartWrite
 .text.uartPrintf
                0x000000000800376c       0x70 ./Core/api/source/uart.o
                0x000000000800376c                uartPrintf
 .text.HAL_Init
                0x00000000080037dc       0x44 ./Drivers/STM32F4xx_HAL_Driver/Src/stm32f4xx_hal.o
                0x00000000080037dc                HAL_Init
 .text.HAL_InitTick
                0x0000000008003820       0x60 ./Drivers/STM32F4xx_HAL_Driver/Src/stm32f4xx_hal.o
                0x0000000008003820                HAL_InitTick
 .text.HAL_IncTick
                0x0000000008003880       0x28 ./Drivers/STM32F4xx_HAL_Driver/Src/stm32f4xx_hal.o
                0x0000000008003880                HAL_IncTick
 .text.HAL_GetTick
                0x00000000080038a8       0x18 ./Drivers/STM32F4xx_HAL_Driver/Src/stm32f4xx_hal.o
                0x00000000080038a8                HAL_GetTick
 .text.HAL_Delay
                0x00000000080038c0       0x48 ./Drivers/STM32F4xx_HAL_Driver/Src/stm32f4xx_hal.o
                0x00000000080038c0                HAL_Delay
 .text.__NVIC_SetPriorityGrouping
                0x0000000008003908       0x48 ./Drivers/STM32F4xx_HAL_Driver/Src/stm32f4xx_hal_cortex.o
 .text.__NVIC_GetPriorityGrouping
                0x0000000008003950       0x1c ./Drivers/STM32F4xx_HAL_Driver/Src/stm32f4xx_hal_cortex.o
 .text.__NVIC_EnableIRQ
                0x000000000800396c       0x3c ./Drivers/STM32F4xx_HAL_Driver/Src/stm32f4xx_hal_cortex.o
 .text.__NVIC_SetPriority
                0x00000000080039a8       0x54 ./Drivers/STM32F4xx_HAL_Driver/Src/stm32f4xx_hal_cortex.o
 .text.NVIC_EncodePriority
                0x00000000080039fc       0x66 ./Drivers/STM32F4xx_HAL_Driver/Src/stm32f4xx_hal_cortex.o
 *fill*         0x0000000008003a62        0x2 
 .text.SysTick_Config
                0x0000000008003a64       0x44 ./Drivers/STM32F4xx_HAL_Driver/Src/stm32f4xx_hal_cortex.o
 .text.HAL_NVIC_SetPriorityGrouping
                0x0000000008003aa8       0x16 ./Drivers/STM32F4xx_HAL_Driver/Src/stm32f4xx_hal_cortex.o
                0x0000000008003aa8                HAL_NVIC_SetPriorityGrouping
 .text.HAL_NVIC_SetPriority
                0x0000000008003abe       0x38 ./Drivers/STM32F4xx_HAL_Driver/Src/stm32f4xx_hal_cortex.o
                0x0000000008003abe                HAL_NVIC_SetPriority
 .text.HAL_NVIC_EnableIRQ
                0x0000000008003af6       0x1c ./Drivers/STM32F4xx_HAL_Driver/Src/stm32f4xx_hal_cortex.o
                0x0000000008003af6                HAL_NVIC_EnableIRQ
 .text.HAL_SYSTICK_Config
                0x0000000008003b12       0x18 ./Drivers/STM32F4xx_HAL_Driver/Src/stm32f4xx_hal_cortex.o
                0x0000000008003b12                HAL_SYSTICK_Config
 *fill*         0x0000000008003b2a        0x2 
 .text.HAL_DMA_Init
                0x0000000008003b2c      0x15c ./Drivers/STM32F4xx_HAL_Driver/Src/stm32f4xx_hal_dma.o
                0x0000000008003b2c                HAL_DMA_Init
 .text.HAL_DMA_Start_IT
                0x0000000008003c88       0xb0 ./Drivers/STM32F4xx_HAL_Driver/Src/stm32f4xx_hal_dma.o
                0x0000000008003c88                HAL_DMA_Start_IT
 .text.HAL_DMA_Abort_IT
                0x0000000008003d38       0x44 ./Drivers/STM32F4xx_HAL_Driver/Src/stm32f4xx_hal_dma.o
                0x0000000008003d38                HAL_DMA_Abort_IT
 .text.HAL_DMA_IRQHandler
                0x0000000008003d7c      0x314 ./Drivers/STM32F4xx_HAL_Driver/Src/stm32f4xx_hal_dma.o
                0x0000000008003d7c                HAL_DMA_IRQHandler
 .text.HAL_DMA_GetError
                0x0000000008004090       0x18 ./Drivers/STM32F4xx_HAL_Driver/Src/stm32f4xx_hal_dma.o
                0x0000000008004090                HAL_DMA_GetError
 .text.DMA_SetConfig
                0x00000000080040a8       0x5c ./Drivers/STM32F4xx_HAL_Driver/Src/stm32f4xx_hal_dma.o
 .text.DMA_CalcBaseAndBitshift
                0x0000000008004104       0x6c ./Drivers/STM32F4xx_HAL_Driver/Src/stm32f4xx_hal_dma.o
 .text.DMA_CheckFifoParam
                0x0000000008004170       0xf8 ./Drivers/STM32F4xx_HAL_Driver/Src/stm32f4xx_hal_dma.o
 .text.HAL_GPIO_Init
                0x0000000008004268      0x308 ./Drivers/STM32F4xx_HAL_Driver/Src/stm32f4xx_hal_gpio.o
                0x0000000008004268                HAL_GPIO_Init
 .text.HAL_GPIO_ReadPin
                0x0000000008004570       0x30 ./Drivers/STM32F4xx_HAL_Driver/Src/stm32f4xx_hal_gpio.o
                0x0000000008004570                HAL_GPIO_ReadPin
 .text.HAL_GPIO_WritePin
                0x00000000080045a0       0x32 ./Drivers/STM32F4xx_HAL_Driver/Src/stm32f4xx_hal_gpio.o
                0x00000000080045a0                HAL_GPIO_WritePin
 .text.HAL_GPIO_TogglePin
                0x00000000080045d2       0x34 ./Drivers/STM32F4xx_HAL_Driver/Src/stm32f4xx_hal_gpio.o
                0x00000000080045d2                HAL_GPIO_TogglePin
 .text.HAL_PCD_Init
                0x0000000008004606      0x21e ./Drivers/STM32F4xx_HAL_Driver/Src/stm32f4xx_hal_pcd.o
                0x0000000008004606                HAL_PCD_Init
 .text.HAL_PCD_Start
                0x0000000008004824       0x6a ./Drivers/STM32F4xx_HAL_Driver/Src/stm32f4xx_hal_pcd.o
                0x0000000008004824                HAL_PCD_Start
 .text.HAL_PCD_IRQHandler
                0x000000000800488e      0x942 ./Drivers/STM32F4xx_HAL_Driver/Src/stm32f4xx_hal_pcd.o
                0x000000000800488e                HAL_PCD_IRQHandler
 .text.HAL_PCD_SetAddress
                0x00000000080051d0       0x48 ./Drivers/STM32F4xx_HAL_Driver/Src/stm32f4xx_hal_pcd.o
                0x00000000080051d0                HAL_PCD_SetAddress
 .text.HAL_PCD_EP_Open
                0x0000000008005218       0xd0 ./Drivers/STM32F4xx_HAL_Driver/Src/stm32f4xx_hal_pcd.o
                0x0000000008005218                HAL_PCD_EP_Open
 .text.HAL_PCD_EP_Close
                0x00000000080052e8       0x94 ./Drivers/STM32F4xx_HAL_Driver/Src/stm32f4xx_hal_pcd.o
                0x00000000080052e8                HAL_PCD_EP_Close
 .text.HAL_PCD_EP_Receive
                0x000000000800537c       0x76 ./Drivers/STM32F4xx_HAL_Driver/Src/stm32f4xx_hal_pcd.o
                0x000000000800537c                HAL_PCD_EP_Receive
 .text.HAL_PCD_EP_GetRxCount
                0x00000000080053f2       0x30 ./Drivers/STM32F4xx_HAL_Driver/Src/stm32f4xx_hal_pcd.o
                0x00000000080053f2                HAL_PCD_EP_GetRxCount
 .text.HAL_PCD_EP_Transmit
                0x0000000008005422       0x74 ./Drivers/STM32F4xx_HAL_Driver/Src/stm32f4xx_hal_pcd.o
                0x0000000008005422                HAL_PCD_EP_Transmit
 .text.HAL_PCD_EP_SetStall
                0x0000000008005496       0xc6 ./Drivers/STM32F4xx_HAL_Driver/Src/stm32f4xx_hal_pcd.o
                0x0000000008005496                HAL_PCD_EP_SetStall
 .text.HAL_PCD_EP_ClrStall
                0x000000000800555c       0xac ./Drivers/STM32F4xx_HAL_Driver/Src/stm32f4xx_hal_pcd.o
                0x000000000800555c                HAL_PCD_EP_ClrStall
 .text.HAL_PCD_EP_Abort
                0x0000000008005608       0x62 ./Drivers/STM32F4xx_HAL_Driver/Src/stm32f4xx_hal_pcd.o
                0x0000000008005608                HAL_PCD_EP_Abort
 .text.PCD_WriteEmptyTxFifo
                0x000000000800566a      0x118 ./Drivers/STM32F4xx_HAL_Driver/Src/stm32f4xx_hal_pcd.o
 *fill*         0x0000000008005782        0x2 
 .text.PCD_EP_OutXfrComplete_int
                0x0000000008005784      0x1d0 ./Drivers/STM32F4xx_HAL_Driver/Src/stm32f4xx_hal_pcd.o
 .text.PCD_EP_OutSetupPacket_int
                0x0000000008005954       0x8c ./Drivers/STM32F4xx_HAL_Driver/Src/stm32f4xx_hal_pcd.o
 .text.HAL_PCDEx_SetTxFiFo
                0x00000000080059e0       0x8e ./Drivers/STM32F4xx_HAL_Driver/Src/stm32f4xx_hal_pcd_ex.o
                0x00000000080059e0                HAL_PCDEx_SetTxFiFo
 .text.HAL_PCDEx_SetRxFiFo
                0x0000000008005a6e       0x22 ./Drivers/STM32F4xx_HAL_Driver/Src/stm32f4xx_hal_pcd_ex.o
                0x0000000008005a6e                HAL_PCDEx_SetRxFiFo
 .text.HAL_PCDEx_LPM_Callback
                0x0000000008005a90       0x18 ./Drivers/STM32F4xx_HAL_Driver/Src/stm32f4xx_hal_pcd_ex.o
                0x0000000008005a90                HAL_PCDEx_LPM_Callback
 .text.HAL_RCC_OscConfig
                0x0000000008005aa8      0x4f0 ./Drivers/STM32F4xx_HAL_Driver/Src/stm32f4xx_hal_rcc.o
                0x0000000008005aa8                HAL_RCC_OscConfig
 .text.HAL_RCC_ClockConfig
                0x0000000008005f98      0x1cc ./Drivers/STM32F4xx_HAL_Driver/Src/stm32f4xx_hal_rcc.o
                0x0000000008005f98                HAL_RCC_ClockConfig
 .text.HAL_RCC_GetSysClockFreq
                0x0000000008006164      0x18c ./Drivers/STM32F4xx_HAL_Driver/Src/stm32f4xx_hal_rcc.o
                0x0000000008006164                HAL_RCC_GetSysClockFreq
 .text.HAL_RCC_GetHCLKFreq
                0x00000000080062f0       0x18 ./Drivers/STM32F4xx_HAL_Driver/Src/stm32f4xx_hal_rcc.o
                0x00000000080062f0                HAL_RCC_GetHCLKFreq
 .text.HAL_SD_Init
                0x0000000008006308       0x60 ./Drivers/STM32F4xx_HAL_Driver/Src/stm32f4xx_hal_sd.o
                0x0000000008006308                HAL_SD_Init
 .text.HAL_SD_InitCard
                0x0000000008006368      0x100 ./Drivers/STM32F4xx_HAL_Driver/Src/stm32f4xx_hal_sd.o
                0x0000000008006368                HAL_SD_InitCard
 .text.HAL_SD_ReadBlocks_DMA
                0x0000000008006468      0x1c4 ./Drivers/STM32F4xx_HAL_Driver/Src/stm32f4xx_hal_sd.o
                0x0000000008006468                HAL_SD_ReadBlocks_DMA
 .text.HAL_SD_WriteBlocks_DMA
                0x000000000800662c      0x1cc ./Drivers/STM32F4xx_HAL_Driver/Src/stm32f4xx_hal_sd.o
                0x000000000800662c                HAL_SD_WriteBlocks_DMA
 .text.HAL_SD_IRQHandler
                0x00000000080067f8      0x30c ./Drivers/STM32F4xx_HAL_Driver/Src/stm32f4xx_hal_sd.o
                0x00000000080067f8                HAL_SD_IRQHandler
 .text.HAL_SD_ErrorCallback
                0x0000000008006b04       0x14 ./Drivers/STM32F4xx_HAL_Driver/Src/stm32f4xx_hal_sd.o
                0x0000000008006b04                HAL_SD_ErrorCallback
 .text.HAL_SD_AbortCallback
                0x0000000008006b18       0x14 ./Drivers/STM32F4xx_HAL_Driver/Src/stm32f4xx_hal_sd.o
                0x0000000008006b18                HAL_SD_AbortCallback
 .text.HAL_SD_GetCardCSD
                0x0000000008006b2c      0x348 ./Drivers/STM32F4xx_HAL_Driver/Src/stm32f4xx_hal_sd.o
                0x0000000008006b2c                HAL_SD_GetCardCSD
 .text.HAL_SD_GetCardInfo
                0x0000000008006e74       0x58 ./Drivers/STM32F4xx_HAL_Driver/Src/stm32f4xx_hal_sd.o
                0x0000000008006e74                HAL_SD_GetCardInfo
 .text.HAL_SD_ConfigWideBusOperation
                0x0000000008006ecc      0x134 ./Drivers/STM32F4xx_HAL_Driver/Src/stm32f4xx_hal_sd.o
                0x0000000008006ecc                HAL_SD_ConfigWideBusOperation
 .text.HAL_SD_GetCardState
                0x0000000008007000       0x40 ./Drivers/STM32F4xx_HAL_Driver/Src/stm32f4xx_hal_sd.o
                0x0000000008007000                HAL_SD_GetCardState
 .text.SD_DMATransmitCplt
                0x0000000008007040       0x2a ./Drivers/STM32F4xx_HAL_Driver/Src/stm32f4xx_hal_sd.o
 .text.SD_DMAReceiveCplt
                0x000000000800706a       0x70 ./Drivers/STM32F4xx_HAL_Driver/Src/stm32f4xx_hal_sd.o
 *fill*         0x00000000080070da        0x2 
 .text.SD_DMAError
                0x00000000080070dc       0xa4 ./Drivers/STM32F4xx_HAL_Driver/Src/stm32f4xx_hal_sd.o
 .text.SD_DMATxAbort
                0x0000000008007180       0x6e ./Drivers/STM32F4xx_HAL_Driver/Src/stm32f4xx_hal_sd.o
 .text.SD_DMARxAbort
                0x00000000080071ee       0x6e ./Drivers/STM32F4xx_HAL_Driver/Src/stm32f4xx_hal_sd.o
 .text.SD_InitCard
                0x000000000800725c      0x19c ./Drivers/STM32F4xx_HAL_Driver/Src/stm32f4xx_hal_sd.o
 .text.SD_PowerON
                0x00000000080073f8      0x11c ./Drivers/STM32F4xx_HAL_Driver/Src/stm32f4xx_hal_sd.o
 .text.SD_SendStatus
                0x0000000008007514       0x50 ./Drivers/STM32F4xx_HAL_Driver/Src/stm32f4xx_hal_sd.o
 .text.SD_WideBus_Enable
                0x0000000008007564       0x96 ./Drivers/STM32F4xx_HAL_Driver/Src/stm32f4xx_hal_sd.o
 .text.SD_WideBus_Disable
                0x00000000080075fa       0x96 ./Drivers/STM32F4xx_HAL_Driver/Src/stm32f4xx_hal_sd.o
 .text.SD_FindSCR
                0x0000000008007690      0x1b4 ./Drivers/STM32F4xx_HAL_Driver/Src/stm32f4xx_hal_sd.o
 .text.SD_Read_IT
                0x0000000008007844       0xa2 ./Drivers/STM32F4xx_HAL_Driver/Src/stm32f4xx_hal_sd.o
 .text.SD_Write_IT
                0x00000000080078e6       0xaa ./Drivers/STM32F4xx_HAL_Driver/Src/stm32f4xx_hal_sd.o
 .text.SDIO_Init
                0x0000000008007990       0x56 ./Drivers/STM32F4xx_HAL_Driver/Src/stm32f4xx_ll_sdmmc.o
                0x0000000008007990                SDIO_Init
 .text.SDIO_ReadFIFO
                0x00000000080079e6       0x1a ./Drivers/STM32F4xx_HAL_Driver/Src/stm32f4xx_ll_sdmmc.o
                0x00000000080079e6                SDIO_ReadFIFO
 .text.SDIO_WriteFIFO
                0x0000000008007a00       0x22 ./Drivers/STM32F4xx_HAL_Driver/Src/stm32f4xx_ll_sdmmc.o
                0x0000000008007a00                SDIO_WriteFIFO
 .text.SDIO_PowerState_ON
                0x0000000008007a22       0x1c ./Drivers/STM32F4xx_HAL_Driver/Src/stm32f4xx_ll_sdmmc.o
                0x0000000008007a22                SDIO_PowerState_ON
 .text.SDIO_GetPowerState
                0x0000000008007a3e       0x1c ./Drivers/STM32F4xx_HAL_Driver/Src/stm32f4xx_ll_sdmmc.o
                0x0000000008007a3e                SDIO_GetPowerState
 .text.SDIO_SendCommand
                0x0000000008007a5a       0x54 ./Drivers/STM32F4xx_HAL_Driver/Src/stm32f4xx_ll_sdmmc.o
                0x0000000008007a5a                SDIO_SendCommand
 .text.SDIO_GetCommandResponse
                0x0000000008007aae       0x1a ./Drivers/STM32F4xx_HAL_Driver/Src/stm32f4xx_ll_sdmmc.o
                0x0000000008007aae                SDIO_GetCommandResponse
 .text.SDIO_GetResponse
                0x0000000008007ac8       0x26 ./Drivers/STM32F4xx_HAL_Driver/Src/stm32f4xx_ll_sdmmc.o
                0x0000000008007ac8                SDIO_GetResponse
 .text.SDIO_ConfigData
                0x0000000008007aee       0x58 ./Drivers/STM32F4xx_HAL_Driver/Src/stm32f4xx_ll_sdmmc.o
                0x0000000008007aee                SDIO_ConfigData
 .text.SDMMC_CmdBlockLength
                0x0000000008007b46       0x44 ./Drivers/STM32F4xx_HAL_Driver/Src/stm32f4xx_ll_sdmmc.o
                0x0000000008007b46                SDMMC_CmdBlockLength
 .text.SDMMC_CmdReadSingleBlock
                0x0000000008007b8a       0x44 ./Drivers/STM32F4xx_HAL_Driver/Src/stm32f4xx_ll_sdmmc.o
                0x0000000008007b8a                SDMMC_CmdReadSingleBlock
 .text.SDMMC_CmdReadMultiBlock
                0x0000000008007bce       0x44 ./Drivers/STM32F4xx_HAL_Driver/Src/stm32f4xx_ll_sdmmc.o
                0x0000000008007bce                SDMMC_CmdReadMultiBlock
 .text.SDMMC_CmdWriteSingleBlock
                0x0000000008007c12       0x44 ./Drivers/STM32F4xx_HAL_Driver/Src/stm32f4xx_ll_sdmmc.o
                0x0000000008007c12                SDMMC_CmdWriteSingleBlock
 .text.SDMMC_CmdWriteMultiBlock
                0x0000000008007c56       0x44 ./Drivers/STM32F4xx_HAL_Driver/Src/stm32f4xx_ll_sdmmc.o
                0x0000000008007c56                SDMMC_CmdWriteMultiBlock
 *fill*         0x0000000008007c9a        0x2 
 .text.SDMMC_CmdStopTransfer
                0x0000000008007c9c       0x44 ./Drivers/STM32F4xx_HAL_Driver/Src/stm32f4xx_ll_sdmmc.o
                0x0000000008007c9c                SDMMC_CmdStopTransfer
 .text.SDMMC_CmdSelDesel
                0x0000000008007ce0       0x46 ./Drivers/STM32F4xx_HAL_Driver/Src/stm32f4xx_ll_sdmmc.o
                0x0000000008007ce0                SDMMC_CmdSelDesel
 .text.SDMMC_CmdGoIdleState
                0x0000000008007d26       0x3c ./Drivers/STM32F4xx_HAL_Driver/Src/stm32f4xx_ll_sdmmc.o
                0x0000000008007d26                SDMMC_CmdGoIdleState
 .text.SDMMC_CmdOperCond
                0x0000000008007d62       0x3e ./Drivers/STM32F4xx_HAL_Driver/Src/stm32f4xx_ll_sdmmc.o
                0x0000000008007d62                SDMMC_CmdOperCond
 .text.SDMMC_CmdAppCommand
                0x0000000008007da0       0x44 ./Drivers/STM32F4xx_HAL_Driver/Src/stm32f4xx_ll_sdmmc.o
                0x0000000008007da0                SDMMC_CmdAppCommand
 .text.SDMMC_CmdAppOperCommand
                0x0000000008007de4       0x46 ./Drivers/STM32F4xx_HAL_Driver/Src/stm32f4xx_ll_sdmmc.o
                0x0000000008007de4                SDMMC_CmdAppOperCommand
 .text.SDMMC_CmdBusWidth
                0x0000000008007e2a       0x44 ./Drivers/STM32F4xx_HAL_Driver/Src/stm32f4xx_ll_sdmmc.o
                0x0000000008007e2a                SDMMC_CmdBusWidth
 .text.SDMMC_CmdSendSCR
                0x0000000008007e6e       0x42 ./Drivers/STM32F4xx_HAL_Driver/Src/stm32f4xx_ll_sdmmc.o
                0x0000000008007e6e                SDMMC_CmdSendSCR
 .text.SDMMC_CmdSendCID
                0x0000000008007eb0       0x3c ./Drivers/STM32F4xx_HAL_Driver/Src/stm32f4xx_ll_sdmmc.o
                0x0000000008007eb0                SDMMC_CmdSendCID
 .text.SDMMC_CmdSendCSD
                0x0000000008007eec       0x3e ./Drivers/STM32F4xx_HAL_Driver/Src/stm32f4xx_ll_sdmmc.o
                0x0000000008007eec                SDMMC_CmdSendCSD
 .text.SDMMC_CmdSetRelAdd
                0x0000000008007f2a       0x42 ./Drivers/STM32F4xx_HAL_Driver/Src/stm32f4xx_ll_sdmmc.o
                0x0000000008007f2a                SDMMC_CmdSetRelAdd
 .text.SDMMC_CmdSendStatus
                0x0000000008007f6c       0x44 ./Drivers/STM32F4xx_HAL_Driver/Src/stm32f4xx_ll_sdmmc.o
                0x0000000008007f6c                SDMMC_CmdSendStatus
 .text.SDMMC_GetCmdResp1
                0x0000000008007fb0      0x1dc ./Drivers/STM32F4xx_HAL_Driver/Src/stm32f4xx_ll_sdmmc.o
                0x0000000008007fb0                SDMMC_GetCmdResp1
 .text.SDMMC_GetCmdResp2
                0x000000000800818c       0x90 ./Drivers/STM32F4xx_HAL_Driver/Src/stm32f4xx_ll_sdmmc.o
                0x000000000800818c                SDMMC_GetCmdResp2
 .text.SDMMC_GetCmdResp3
                0x000000000800821c       0x7c ./Drivers/STM32F4xx_HAL_Driver/Src/stm32f4xx_ll_sdmmc.o
                0x000000000800821c                SDMMC_GetCmdResp3
 .text.SDMMC_GetCmdResp6
                0x0000000008008298       0xec ./Drivers/STM32F4xx_HAL_Driver/Src/stm32f4xx_ll_sdmmc.o
                0x0000000008008298                SDMMC_GetCmdResp6
 .text.SDMMC_GetCmdResp7
                0x0000000008008384       0x9c ./Drivers/STM32F4xx_HAL_Driver/Src/stm32f4xx_ll_sdmmc.o
                0x0000000008008384                SDMMC_GetCmdResp7
 .text.SDMMC_GetCmdError
                0x0000000008008420       0x58 ./Drivers/STM32F4xx_HAL_Driver/Src/stm32f4xx_ll_sdmmc.o
 .text.USB_CoreInit
                0x0000000008008478       0xc8 ./Drivers/STM32F4xx_HAL_Driver/Src/stm32f4xx_ll_usb.o
                0x0000000008008478                USB_CoreInit
 .text.USB_SetTurnaroundTime
                0x0000000008008540      0x144 ./Drivers/STM32F4xx_HAL_Driver/Src/stm32f4xx_ll_usb.o
                0x0000000008008540                USB_SetTurnaroundTime
 .text.USB_EnableGlobalInt
                0x0000000008008684       0x22 ./Drivers/STM32F4xx_HAL_Driver/Src/stm32f4xx_ll_usb.o
                0x0000000008008684                USB_EnableGlobalInt
 .text.USB_DisableGlobalInt
                0x00000000080086a6       0x22 ./Drivers/STM32F4xx_HAL_Driver/Src/stm32f4xx_ll_usb.o
                0x00000000080086a6                USB_DisableGlobalInt
 .text.USB_SetCurrentMode
                0x00000000080086c8       0x98 ./Drivers/STM32F4xx_HAL_Driver/Src/stm32f4xx_ll_usb.o
                0x00000000080086c8                USB_SetCurrentMode
 .text.USB_DevInit
                0x0000000008008760      0x2c8 ./Drivers/STM32F4xx_HAL_Driver/Src/stm32f4xx_ll_usb.o
                0x0000000008008760                USB_DevInit
 .text.USB_FlushTxFifo
                0x0000000008008a28       0x64 ./Drivers/STM32F4xx_HAL_Driver/Src/stm32f4xx_ll_usb.o
                0x0000000008008a28                USB_FlushTxFifo
 .text.USB_FlushRxFifo
                0x0000000008008a8c       0x5c ./Drivers/STM32F4xx_HAL_Driver/Src/stm32f4xx_ll_usb.o
                0x0000000008008a8c                USB_FlushRxFifo
 .text.USB_SetDevSpeed
                0x0000000008008ae8       0x32 ./Drivers/STM32F4xx_HAL_Driver/Src/stm32f4xx_ll_usb.o
                0x0000000008008ae8                USB_SetDevSpeed
 .text.USB_GetDevSpeed
                0x0000000008008b1a       0x4a ./Drivers/STM32F4xx_HAL_Driver/Src/stm32f4xx_ll_usb.o
                0x0000000008008b1a                USB_GetDevSpeed
 .text.USB_ActivateEndpoint
                0x0000000008008b64      0x10e ./Drivers/STM32F4xx_HAL_Driver/Src/stm32f4xx_ll_usb.o
                0x0000000008008b64                USB_ActivateEndpoint
 *fill*         0x0000000008008c72        0x2 
 .text.USB_DeactivateEndpoint
                0x0000000008008c74      0x1b8 ./Drivers/STM32F4xx_HAL_Driver/Src/stm32f4xx_ll_usb.o
                0x0000000008008c74                USB_DeactivateEndpoint
 .text.USB_EPStartXfer
                0x0000000008008e2c      0x530 ./Drivers/STM32F4xx_HAL_Driver/Src/stm32f4xx_ll_usb.o
                0x0000000008008e2c                USB_EPStartXfer
 .text.USB_EPStopXfer
                0x000000000800935c      0x154 ./Drivers/STM32F4xx_HAL_Driver/Src/stm32f4xx_ll_usb.o
                0x000000000800935c                USB_EPStopXfer
 .text.USB_WritePacket
                0x00000000080094b0       0x7c ./Drivers/STM32F4xx_HAL_Driver/Src/stm32f4xx_ll_usb.o
                0x00000000080094b0                USB_WritePacket
 .text.USB_ReadPacket
                0x000000000800952c       0xb0 ./Drivers/STM32F4xx_HAL_Driver/Src/stm32f4xx_ll_usb.o
                0x000000000800952c                USB_ReadPacket
 .text.USB_EPSetStall
                0x00000000080095dc       0xdc ./Drivers/STM32F4xx_HAL_Driver/Src/stm32f4xx_ll_usb.o
                0x00000000080095dc                USB_EPSetStall
 .text.USB_EPClearStall
                0x00000000080096b8       0xcc ./Drivers/STM32F4xx_HAL_Driver/Src/stm32f4xx_ll_usb.o
                0x00000000080096b8                USB_EPClearStall
 .text.USB_SetDevAddress
                0x0000000008009784       0x4c ./Drivers/STM32F4xx_HAL_Driver/Src/stm32f4xx_ll_usb.o
                0x0000000008009784                USB_SetDevAddress
 .text.USB_DevConnect
                0x00000000080097d0       0x42 ./Drivers/STM32F4xx_HAL_Driver/Src/stm32f4xx_ll_usb.o
                0x00000000080097d0                USB_DevConnect
 .text.USB_DevDisconnect
                0x0000000008009812       0x42 ./Drivers/STM32F4xx_HAL_Driver/Src/stm32f4xx_ll_usb.o
                0x0000000008009812                USB_DevDisconnect
 .text.USB_ReadInterrupts
                0x0000000008009854       0x26 ./Drivers/STM32F4xx_HAL_Driver/Src/stm32f4xx_ll_usb.o
                0x0000000008009854                USB_ReadInterrupts
 .text.USB_ReadDevAllOutEpInterrupt
                0x000000000800987a       0x34 ./Drivers/STM32F4xx_HAL_Driver/Src/stm32f4xx_ll_usb.o
                0x000000000800987a                USB_ReadDevAllOutEpInterrupt
 .text.USB_ReadDevAllInEpInterrupt
                0x00000000080098ae       0x34 ./Drivers/STM32F4xx_HAL_Driver/Src/stm32f4xx_ll_usb.o
                0x00000000080098ae                USB_ReadDevAllInEpInterrupt
 .text.USB_ReadDevOutEPInterrupt
                0x00000000080098e2       0x3c ./Drivers/STM32F4xx_HAL_Driver/Src/stm32f4xx_ll_usb.o
                0x00000000080098e2                USB_ReadDevOutEPInterrupt
 .text.USB_ReadDevInEPInterrupt
                0x000000000800991e       0x5c ./Drivers/STM32F4xx_HAL_Driver/Src/stm32f4xx_ll_usb.o
                0x000000000800991e                USB_ReadDevInEPInterrupt
 .text.USB_GetMode
                0x000000000800997a       0x1c ./Drivers/STM32F4xx_HAL_Driver/Src/stm32f4xx_ll_usb.o
                0x000000000800997a                USB_GetMode
 .text.USB_ActivateSetup
                0x0000000008009996       0x46 ./Drivers/STM32F4xx_HAL_Driver/Src/stm32f4xx_ll_usb.o
                0x0000000008009996                USB_ActivateSetup
 .text.USB_EP0_OutStart
                0x00000000080099dc       0xbc ./Drivers/STM32F4xx_HAL_Driver/Src/stm32f4xx_ll_usb.o
                0x00000000080099dc                USB_EP0_OutStart
 .text.USB_CoreReset
                0x0000000008009a98       0x62 ./Drivers/STM32F4xx_HAL_Driver/Src/stm32f4xx_ll_usb.o
 *fill*         0x0000000008009afa        0x2 
 .text.disk_status
                0x0000000008009afc       0x34 ./FatFs/src/diskio.o
                0x0000000008009afc                disk_status
 .text.disk_initialize
                0x0000000008009b30       0x4c ./FatFs/src/diskio.o
                0x0000000008009b30                disk_initialize
 .text.disk_read
                0x0000000008009b7c       0x40 ./FatFs/src/diskio.o
                0x0000000008009b7c                disk_read
 .text.disk_write
                0x0000000008009bbc       0x40 ./FatFs/src/diskio.o
                0x0000000008009bbc                disk_write
 .text.disk_ioctl
                0x0000000008009bfc       0x3c ./FatFs/src/diskio.o
                0x0000000008009bfc                disk_ioctl
 .text.get_fattime
                0x0000000008009c38       0x10 ./FatFs/src/diskio.o
                0x0000000008009c38                get_fattime
 .text.ld_word  0x0000000008009c48       0x30 ./FatFs/src/ff.o
 .text.ld_dword
                0x0000000008009c78       0x46 ./FatFs/src/ff.o
 .text.st_word  0x0000000008009cbe       0x36 ./FatFs/src/ff.o
 .text.st_dword
                0x0000000008009cf4       0x58 ./FatFs/src/ff.o
 .text.mem_cpy  0x0000000008009d4c       0x42 ./FatFs/src/ff.o
 .text.mem_set  0x0000000008009d8e       0x36 ./FatFs/src/ff.o
 .text.mem_cmp  0x0000000008009dc4       0x4e ./FatFs/src/ff.o
 .text.chk_chr  0x0000000008009e12       0x36 ./FatFs/src/ff.o
 .text.chk_lock
                0x0000000008009e48       0xb8 ./FatFs/src/ff.o
 .text.enq_lock
                0x0000000008009f00       0x44 ./FatFs/src/ff.o
 .text.inc_lock
                0x0000000008009f44      0x11c ./FatFs/src/ff.o
 .text.dec_lock
                0x000000000800a060       0x78 ./FatFs/src/ff.o
 .text.clear_lock
                0x000000000800a0d8       0x48 ./FatFs/src/ff.o
 .text.sync_window
                0x000000000800a120       0x88 ./FatFs/src/ff.o
 .text.move_window
                0x000000000800a1a8       0x5a ./FatFs/src/ff.o
 *fill*         0x000000000800a202        0x2 
 .text.sync_fs  0x000000000800a204       0xdc ./FatFs/src/ff.o
 .text.clust2sect
                0x000000000800a2e0       0x3e ./FatFs/src/ff.o
 .text.get_fat  0x000000000800a31e      0x150 ./FatFs/src/ff.o
 .text.put_fat  0x000000000800a46e      0x1d4 ./FatFs/src/ff.o
 .text.remove_chain
                0x000000000800a642       0xca ./FatFs/src/ff.o
 .text.create_chain
                0x000000000800a70c      0x130 ./FatFs/src/ff.o
 .text.clmt_clust
                0x000000000800a83c       0x68 ./FatFs/src/ff.o
 .text.dir_sdi  0x000000000800a8a4       0xf6 ./FatFs/src/ff.o
 .text.dir_next
                0x000000000800a99a      0x18a ./FatFs/src/ff.o
 .text.dir_alloc
                0x000000000800ab24       0x8e ./FatFs/src/ff.o
 .text.ld_clust
                0x000000000800abb2       0x3e ./FatFs/src/ff.o
 .text.st_clust
                0x000000000800abf0       0x40 ./FatFs/src/ff.o
 .text.cmp_lfn  0x000000000800ac30       0xe0 ./FatFs/src/ff.o
 .text.pick_lfn
                0x000000000800ad10       0xc8 ./FatFs/src/ff.o
 .text.put_lfn  0x000000000800add8       0xd0 ./FatFs/src/ff.o
 .text.gen_numname
                0x000000000800aea8      0x11c ./FatFs/src/ff.o
 .text.sum_sfn  0x000000000800afc4       0x42 ./FatFs/src/ff.o
 .text.dir_read
                0x000000000800b006      0x14e ./FatFs/src/ff.o
 .text.dir_find
                0x000000000800b154      0x180 ./FatFs/src/ff.o
 .text.dir_register
                0x000000000800b2d4      0x1f0 ./FatFs/src/ff.o
 .text.get_fileinfo
                0x000000000800b4c4      0x1ba ./FatFs/src/ff.o
 *fill*         0x000000000800b67e        0x2 
 .text.create_name
                0x000000000800b680      0x370 ./FatFs/src/ff.o
 .text.follow_path
                0x000000000800b9f0       0xe2 ./FatFs/src/ff.o
 .text.get_ldnumber
                0x000000000800bad2       0x88 ./FatFs/src/ff.o
 *fill*         0x000000000800bb5a        0x2 
 .text.check_fs
                0x000000000800bb5c       0xac ./FatFs/src/ff.o
 .text.find_volume
                0x000000000800bc08      0x498 ./FatFs/src/ff.o
 .text.validate
                0x000000000800c0a0       0x6a ./FatFs/src/ff.o
 *fill*         0x000000000800c10a        0x2 
 .text.f_mount  0x000000000800c10c       0x8c ./FatFs/src/ff.o
                0x000000000800c10c                f_mount
 .text.f_open   0x000000000800c198      0x39c ./FatFs/src/ff.o
                0x000000000800c198                f_open
 .text.f_read   0x000000000800c534      0x27e ./FatFs/src/ff.o
                0x000000000800c534                f_read
 .text.f_write  0x000000000800c7b2      0x2ea ./FatFs/src/ff.o
                0x000000000800c7b2                f_write
 .text.f_sync   0x000000000800ca9c       0xfc ./FatFs/src/ff.o
                0x000000000800ca9c                f_sync
 .text.f_close  0x000000000800cb98       0x54 ./FatFs/src/ff.o
                0x000000000800cb98                f_close
 .text.f_lseek  0x000000000800cbec      0x412 ./FatFs/src/ff.o
                0x000000000800cbec                f_lseek
 .text.f_opendir
                0x000000000800cffe      0x106 ./FatFs/src/ff.o
                0x000000000800cffe                f_opendir
 .text.f_closedir
                0x000000000800d104       0x4c ./FatFs/src/ff.o
                0x000000000800d104                f_closedir
 .text.f_readdir
                0x000000000800d150       0x9a ./FatFs/src/ff.o
                0x000000000800d150                f_readdir
 .text.f_getfree
                0x000000000800d1ea      0x16a ./FatFs/src/ff.o
                0x000000000800d1ea                f_getfree
 .text.putc_bfd
                0x000000000800d354       0x7a ./FatFs/src/ff.o
 .text.putc_flush
                0x000000000800d3ce       0x4a ./FatFs/src/ff.o
 .text.putc_init
                0x000000000800d418       0x2a ./FatFs/src/ff.o
 *fill*         0x000000000800d442        0x2 
 .text.f_printf
                0x000000000800d444      0x43c ./FatFs/src/ff.o
                0x000000000800d444                f_printf
 .text.FATFS_LinkDriverEx
                0x000000000800d880       0x98 ./FatFs/src/ff_gen_drv.o
                0x000000000800d880                FATFS_LinkDriverEx
 .text.FATFS_LinkDriver
                0x000000000800d918       0x1e ./FatFs/src/ff_gen_drv.o
                0x000000000800d918                FATFS_LinkDriver
 .text.ff_memalloc
                0x000000000800d936       0x18 ./FatFs/src/option/syscall.o
                0x000000000800d936                ff_memalloc
 .text.ff_memfree
                0x000000000800d94e       0x16 ./FatFs/src/option/syscall.o
                0x000000000800d94e                ff_memfree
 .text.ff_convert
                0x000000000800d964       0x78 ./FatFs/src/option/unicode.o
                0x000000000800d964                ff_convert
 .text.ff_wtoupper
                0x000000000800d9dc      0x114 ./FatFs/src/option/unicode.o
                0x000000000800d9dc                ff_wtoupper
 .text.USBD_CDC_Init
                0x000000000800daf0      0x1f0 ./Middlewares/ST/STM32_USB_Device_Library/Class/CDC/Src/usbd_cdc.o
 .text.USBD_CDC_DeInit
                0x000000000800dce0      0x104 ./Middlewares/ST/STM32_USB_Device_Library/Class/CDC/Src/usbd_cdc.o
 .text.USBD_CDC_Setup
                0x000000000800dde4      0x1b8 ./Middlewares/ST/STM32_USB_Device_Library/Class/CDC/Src/usbd_cdc.o
 .text.USBD_CDC_DataIn
                0x000000000800df9c       0xfe ./Middlewares/ST/STM32_USB_Device_Library/Class/CDC/Src/usbd_cdc.o
 .text.USBD_CDC_DataOut
                0x000000000800e09a       0x70 ./Middlewares/ST/STM32_USB_Device_Library/Class/CDC/Src/usbd_cdc.o
 .text.USBD_CDC_EP0_RxReady
                0x000000000800e10a       0x76 ./Middlewares/ST/STM32_USB_Device_Library/Class/CDC/Src/usbd_cdc.o
 .text.USBD_CDC_GetFSCfgDesc
                0x000000000800e180       0x70 ./Middlewares/ST/STM32_USB_Device_Library/Class/CDC/Src/usbd_cdc.o
 .text.USBD_CDC_GetHSCfgDesc
                0x000000000800e1f0       0x70 ./Middlewares/ST/STM32_USB_Device_Library/Class/CDC/Src/usbd_cdc.o
 .text.USBD_CDC_GetOtherSpeedCfgDesc
                0x000000000800e260       0x70 ./Middlewares/ST/STM32_USB_Device_Library/Class/CDC/Src/usbd_cdc.o
 .text.USBD_CDC_GetDeviceQualifierDescriptor
                0x000000000800e2d0       0x20 ./Middlewares/ST/STM32_USB_Device_Library/Class/CDC/Src/usbd_cdc.o
                0x000000000800e2d0                USBD_CDC_GetDeviceQualifierDescriptor
 .text.USBD_CDC_RegisterInterface
                0x000000000800e2f0       0x34 ./Middlewares/ST/STM32_USB_Device_Library/Class/CDC/Src/usbd_cdc.o
                0x000000000800e2f0                USBD_CDC_RegisterInterface
 .text.USBD_CDC_SetTxBuffer
                0x000000000800e324       0x44 ./Middlewares/ST/STM32_USB_Device_Library/Class/CDC/Src/usbd_cdc.o
                0x000000000800e324                USBD_CDC_SetTxBuffer
 .text.USBD_CDC_SetRxBuffer
                0x000000000800e368       0x3a ./Middlewares/ST/STM32_USB_Device_Library/Class/CDC/Src/usbd_cdc.o
                0x000000000800e368                USBD_CDC_SetRxBuffer
 *fill*         0x000000000800e3a2        0x2 
 .text.USBD_CDC_TransmitPacket
                0x000000000800e3a4       0x80 ./Middlewares/ST/STM32_USB_Device_Library/Class/CDC/Src/usbd_cdc.o
                0x000000000800e3a4                USBD_CDC_TransmitPacket
 .text.USBD_CDC_ReceivePacket
                0x000000000800e424       0x6c ./Middlewares/ST/STM32_USB_Device_Library/Class/CDC/Src/usbd_cdc.o
                0x000000000800e424                USBD_CDC_ReceivePacket
 .text.USBD_Init
                0x000000000800e490       0x60 ./Middlewares/ST/STM32_USB_Device_Library/Core/Src/usbd_core.o
                0x000000000800e490                USBD_Init
 .text.USBD_RegisterClass
                0x000000000800e4f0       0x6c ./Middlewares/ST/STM32_USB_Device_Library/Core/Src/usbd_core.o
                0x000000000800e4f0                USBD_RegisterClass
 .text.USBD_Start
                0x000000000800e55c       0x18 ./Middlewares/ST/STM32_USB_Device_Library/Core/Src/usbd_core.o
                0x000000000800e55c                USBD_Start
 .text.USBD_RunTestMode
                0x000000000800e574       0x16 ./Middlewares/ST/STM32_USB_Device_Library/Core/Src/usbd_core.o
                0x000000000800e574                USBD_RunTestMode
 .text.USBD_SetClassConfig
                0x000000000800e58a       0x38 ./Middlewares/ST/STM32_USB_Device_Library/Core/Src/usbd_core.o
                0x000000000800e58a                USBD_SetClassConfig
 .text.USBD_ClrClassConfig
                0x000000000800e5c2       0x34 ./Middlewares/ST/STM32_USB_Device_Library/Core/Src/usbd_core.o
                0x000000000800e5c2                USBD_ClrClassConfig
 .text.USBD_LL_SetupStage
                0x000000000800e5f6       0xaa ./Middlewares/ST/STM32_USB_Device_Library/Core/Src/usbd_core.o
                0x000000000800e5f6                USBD_LL_SetupStage
 .text.USBD_LL_DataOutStage
                0x000000000800e6a0      0x166 ./Middlewares/ST/STM32_USB_Device_Library/Core/Src/usbd_core.o
                0x000000000800e6a0                USBD_LL_DataOutStage
 .text.USBD_LL_DataInStage
                0x000000000800e806      0x164 ./Middlewares/ST/STM32_USB_Device_Library/Core/Src/usbd_core.o
                0x000000000800e806                USBD_LL_DataInStage
 .text.USBD_LL_Reset
                0x000000000800e96a       0xa4 ./Middlewares/ST/STM32_USB_Device_Library/Core/Src/usbd_core.o
                0x000000000800e96a                USBD_LL_Reset
 .text.USBD_LL_SetSpeed
                0x000000000800ea0e       0x20 ./Middlewares/ST/STM32_USB_Device_Library/Core/Src/usbd_core.o
                0x000000000800ea0e                USBD_LL_SetSpeed
 .text.USBD_LL_Suspend
                0x000000000800ea2e       0x38 ./Middlewares/ST/STM32_USB_Device_Library/Core/Src/usbd_core.o
                0x000000000800ea2e                USBD_LL_Suspend
 .text.USBD_LL_Resume
                0x000000000800ea66       0x30 ./Middlewares/ST/STM32_USB_Device_Library/Core/Src/usbd_core.o
                0x000000000800ea66                USBD_LL_Resume
 .text.USBD_LL_SOF
                0x000000000800ea96       0x40 ./Middlewares/ST/STM32_USB_Device_Library/Core/Src/usbd_core.o
                0x000000000800ea96                USBD_LL_SOF
 .text.USBD_LL_IsoINIncomplete
                0x000000000800ead6       0x64 ./Middlewares/ST/STM32_USB_Device_Library/Core/Src/usbd_core.o
                0x000000000800ead6                USBD_LL_IsoINIncomplete
 .text.USBD_LL_IsoOUTIncomplete
                0x000000000800eb3a       0x64 ./Middlewares/ST/STM32_USB_Device_Library/Core/Src/usbd_core.o
                0x000000000800eb3a                USBD_LL_IsoOUTIncomplete
 .text.USBD_LL_DevConnected
                0x000000000800eb9e       0x16 ./Middlewares/ST/STM32_USB_Device_Library/Core/Src/usbd_core.o
                0x000000000800eb9e                USBD_LL_DevConnected
 .text.USBD_LL_DevDisconnected
                0x000000000800ebb4       0x46 ./Middlewares/ST/STM32_USB_Device_Library/Core/Src/usbd_core.o
                0x000000000800ebb4                USBD_LL_DevDisconnected
 .text.USBD_CoreFindIF
                0x000000000800ebfa       0x1a ./Middlewares/ST/STM32_USB_Device_Library/Core/Src/usbd_core.o
                0x000000000800ebfa                USBD_CoreFindIF
 .text.USBD_CoreFindEP
                0x000000000800ec14       0x1a ./Middlewares/ST/STM32_USB_Device_Library/Core/Src/usbd_core.o
                0x000000000800ec14                USBD_CoreFindEP
 .text.USBD_GetEpDesc
                0x000000000800ec2e       0x74 ./Middlewares/ST/STM32_USB_Device_Library/Core/Src/usbd_core.o
                0x000000000800ec2e                USBD_GetEpDesc
 .text.USBD_GetNextDesc
                0x000000000800eca2       0x3a ./Middlewares/ST/STM32_USB_Device_Library/Core/Src/usbd_core.o
                0x000000000800eca2                USBD_GetNextDesc
 .text.SWAPBYTE
                0x000000000800ecdc       0x3c ./Middlewares/ST/STM32_USB_Device_Library/Core/Src/usbd_ctlreq.o
 .text.USBD_StdDevReq
                0x000000000800ed18       0xe4 ./Middlewares/ST/STM32_USB_Device_Library/Core/Src/usbd_ctlreq.o
                0x000000000800ed18                USBD_StdDevReq
 .text.USBD_StdItfReq
                0x000000000800edfc       0xd8 ./Middlewares/ST/STM32_USB_Device_Library/Core/Src/usbd_ctlreq.o
                0x000000000800edfc                USBD_StdItfReq
 .text.USBD_StdEPReq
                0x000000000800eed4      0x33a ./Middlewares/ST/STM32_USB_Device_Library/Core/Src/usbd_ctlreq.o
                0x000000000800eed4                USBD_StdEPReq
 *fill*         0x000000000800f20e        0x2 
 .text.USBD_GetDescriptor
                0x000000000800f210      0x2d4 ./Middlewares/ST/STM32_USB_Device_Library/Core/Src/usbd_ctlreq.o
 .text.USBD_SetAddress
                0x000000000800f4e4       0x88 ./Middlewares/ST/STM32_USB_Device_Library/Core/Src/usbd_ctlreq.o
 .text.USBD_SetConfig
                0x000000000800f56c      0x154 ./Middlewares/ST/STM32_USB_Device_Library/Core/Src/usbd_ctlreq.o
 .text.USBD_GetConfig
                0x000000000800f6c0       0x6c ./Middlewares/ST/STM32_USB_Device_Library/Core/Src/usbd_ctlreq.o
 .text.USBD_GetStatus
                0x000000000800f72c       0x68 ./Middlewares/ST/STM32_USB_Device_Library/Core/Src/usbd_ctlreq.o
 .text.USBD_SetFeature
                0x000000000800f794       0x52 ./Middlewares/ST/STM32_USB_Device_Library/Core/Src/usbd_ctlreq.o
 .text.USBD_ClrFeature
                0x000000000800f7e6       0x44 ./Middlewares/ST/STM32_USB_Device_Library/Core/Src/usbd_ctlreq.o
 .text.USBD_ParseSetupRequest
                0x000000000800f82a       0x74 ./Middlewares/ST/STM32_USB_Device_Library/Core/Src/usbd_ctlreq.o
                0x000000000800f82a                USBD_ParseSetupRequest
 .text.USBD_CtlError
                0x000000000800f89e       0x22 ./Middlewares/ST/STM32_USB_Device_Library/Core/Src/usbd_ctlreq.o
                0x000000000800f89e                USBD_CtlError
 .text.USBD_GetString
                0x000000000800f8c0       0x8c ./Middlewares/ST/STM32_USB_Device_Library/Core/Src/usbd_ctlreq.o
                0x000000000800f8c0                USBD_GetString
 .text.USBD_GetLen
                0x000000000800f94c       0x34 ./Middlewares/ST/STM32_USB_Device_Library/Core/Src/usbd_ctlreq.o
 .text.USBD_CtlSendData
                0x000000000800f980       0x36 ./Middlewares/ST/STM32_USB_Device_Library/Core/Src/usbd_ioreq.o
                0x000000000800f980                USBD_CtlSendData
 .text.USBD_CtlContinueSendData
                0x000000000800f9b6       0x22 ./Middlewares/ST/STM32_USB_Device_Library/Core/Src/usbd_ioreq.o
                0x000000000800f9b6                USBD_CtlContinueSendData
 .text.USBD_CtlPrepareRx
                0x000000000800f9d8       0x3a ./Middlewares/ST/STM32_USB_Device_Library/Core/Src/usbd_ioreq.o
                0x000000000800f9d8                USBD_CtlPrepareRx
 .text.USBD_CtlContinueRx
                0x000000000800fa12       0x22 ./Middlewares/ST/STM32_USB_Device_Library/Core/Src/usbd_ioreq.o
                0x000000000800fa12                USBD_CtlContinueRx
 .text.USBD_CtlSendStatus
                0x000000000800fa34       0x26 ./Middlewares/ST/STM32_USB_Device_Library/Core/Src/usbd_ioreq.o
                0x000000000800fa34                USBD_CtlSendStatus
 .text.USBD_CtlReceiveStatus
                0x000000000800fa5a       0x26 ./Middlewares/ST/STM32_USB_Device_Library/Core/Src/usbd_ioreq.o
                0x000000000800fa5a                USBD_CtlReceiveStatus
 .text.MX_USB_DEVICE_Init
                0x000000000800fa80       0x60 ./USB_DEVICE/App/usb_device.o
                0x000000000800fa80                MX_USB_DEVICE_Init
 .text.CDC_Init_FS
                0x000000000800fae0       0x28 ./USB_DEVICE/App/usbd_cdc_if.o
 .text.CDC_DeInit_FS
                0x000000000800fb08       0x10 ./USB_DEVICE/App/usbd_cdc_if.o
 .text.CDC_Control_FS
                0x000000000800fb18      0x174 ./USB_DEVICE/App/usbd_cdc_if.o
 .text.CDC_Receive_FS
                0x000000000800fc8c       0x4c ./USB_DEVICE/App/usbd_cdc_if.o
 .text.CDC_Transmit_FS
                0x000000000800fcd8       0x4c ./USB_DEVICE/App/usbd_cdc_if.o
                0x000000000800fcd8                CDC_Transmit_FS
 .text.CDC_TransmitCplt_FS
                0x000000000800fd24       0x22 ./USB_DEVICE/App/usbd_cdc_if.o
 *fill*         0x000000000800fd46        0x2 
 .text.USBD_FS_DeviceDescriptor
                0x000000000800fd48       0x24 ./USB_DEVICE/App/usbd_desc.o
                0x000000000800fd48                USBD_FS_DeviceDescriptor
 .text.USBD_FS_LangIDStrDescriptor
                0x000000000800fd6c       0x24 ./USB_DEVICE/App/usbd_desc.o
                0x000000000800fd6c                USBD_FS_LangIDStrDescriptor
 .text.USBD_FS_ProductStrDescriptor
                0x000000000800fd90       0x3c ./USB_DEVICE/App/usbd_desc.o
                0x000000000800fd90                USBD_FS_ProductStrDescriptor
 .text.USBD_FS_ManufacturerStrDescriptor
                0x000000000800fdcc       0x28 ./USB_DEVICE/App/usbd_desc.o
                0x000000000800fdcc                USBD_FS_ManufacturerStrDescriptor
 .text.USBD_FS_SerialStrDescriptor
                0x000000000800fdf4       0x24 ./USB_DEVICE/App/usbd_desc.o
                0x000000000800fdf4                USBD_FS_SerialStrDescriptor
 .text.USBD_FS_ConfigStrDescriptor
                0x000000000800fe18       0x3c ./USB_DEVICE/App/usbd_desc.o
                0x000000000800fe18                USBD_FS_ConfigStrDescriptor
 .text.USBD_FS_InterfaceStrDescriptor
                0x000000000800fe54       0x3c ./USB_DEVICE/App/usbd_desc.o
                0x000000000800fe54                USBD_FS_InterfaceStrDescriptor
 .text.Get_SerialNum
                0x000000000800fe90       0x58 ./USB_DEVICE/App/usbd_desc.o
 .text.IntToUnicode
                0x000000000800fee8       0x7e ./USB_DEVICE/App/usbd_desc.o
 *fill*         0x000000000800ff66        0x2 
 .text.HAL_PCD_MspInit
                0x000000000800ff68       0xa8 ./USB_DEVICE/Target/usbd_conf.o
                0x000000000800ff68                HAL_PCD_MspInit
 .text.HAL_PCD_SetupStageCallback
                0x0000000008010010       0x24 ./USB_DEVICE/Target/usbd_conf.o
                0x0000000008010010                HAL_PCD_SetupStageCallback
 .text.HAL_PCD_DataOutStageCallback
                0x0000000008010034       0x36 ./USB_DEVICE/Target/usbd_conf.o
                0x0000000008010034                HAL_PCD_DataOutStageCallback
 .text.HAL_PCD_DataInStageCallback
                0x000000000801006a       0x34 ./USB_DEVICE/Target/usbd_conf.o
                0x000000000801006a                HAL_PCD_DataInStageCallback
 .text.HAL_PCD_SOFCallback
                0x000000000801009e       0x1c ./USB_DEVICE/Target/usbd_conf.o
                0x000000000801009e                HAL_PCD_SOFCallback
 .text.HAL_PCD_ResetCallback
                0x00000000080100ba       0x3c ./USB_DEVICE/Target/usbd_conf.o
                0x00000000080100ba                HAL_PCD_ResetCallback
 *fill*         0x00000000080100f6        0x2 
 .text.HAL_PCD_SuspendCallback
                0x00000000080100f8       0x4c ./USB_DEVICE/Target/usbd_conf.o
                0x00000000080100f8                HAL_PCD_SuspendCallback
 .text.HAL_PCD_ResumeCallback
                0x0000000008010144       0x1c ./USB_DEVICE/Target/usbd_conf.o
                0x0000000008010144                HAL_PCD_ResumeCallback
 .text.HAL_PCD_ISOOUTIncompleteCallback
                0x0000000008010160       0x24 ./USB_DEVICE/Target/usbd_conf.o
                0x0000000008010160                HAL_PCD_ISOOUTIncompleteCallback
 .text.HAL_PCD_ISOINIncompleteCallback
                0x0000000008010184       0x24 ./USB_DEVICE/Target/usbd_conf.o
                0x0000000008010184                HAL_PCD_ISOINIncompleteCallback
 .text.HAL_PCD_ConnectCallback
                0x00000000080101a8       0x1c ./USB_DEVICE/Target/usbd_conf.o
                0x00000000080101a8                HAL_PCD_ConnectCallback
 .text.HAL_PCD_DisconnectCallback
                0x00000000080101c4       0x1c ./USB_DEVICE/Target/usbd_conf.o
                0x00000000080101c4                HAL_PCD_DisconnectCallback
 .text.USBD_LL_Init
                0x00000000080101e0       0x98 ./USB_DEVICE/Target/usbd_conf.o
                0x00000000080101e0                USBD_LL_Init
 .text.USBD_LL_Start
                0x0000000008010278       0x36 ./USB_DEVICE/Target/usbd_conf.o
                0x0000000008010278                USBD_LL_Start
 .text.USBD_LL_OpenEP
                0x00000000080102ae       0x4c ./USB_DEVICE/Target/usbd_conf.o
                0x00000000080102ae                USBD_LL_OpenEP
 .text.USBD_LL_CloseEP
                0x00000000080102fa       0x3e ./USB_DEVICE/Target/usbd_conf.o
                0x00000000080102fa                USBD_LL_CloseEP
 .text.USBD_LL_StallEP
                0x0000000008010338       0x3e ./USB_DEVICE/Target/usbd_conf.o
                0x0000000008010338                USBD_LL_StallEP
 .text.USBD_LL_ClearStallEP
                0x0000000008010376       0x3e ./USB_DEVICE/Target/usbd_conf.o
                0x0000000008010376                USBD_LL_ClearStallEP
 .text.USBD_LL_IsStallEP
                0x00000000080103b4       0x58 ./USB_DEVICE/Target/usbd_conf.o
                0x00000000080103b4                USBD_LL_IsStallEP
 .text.USBD_LL_SetUSBAddress
                0x000000000801040c       0x3e ./USB_DEVICE/Target/usbd_conf.o
                0x000000000801040c                USBD_LL_SetUSBAddress
 .text.USBD_LL_Transmit
                0x000000000801044a       0x42 ./USB_DEVICE/Target/usbd_conf.o
                0x000000000801044a                USBD_LL_Transmit
 .text.USBD_LL_PrepareReceive
                0x000000000801048c       0x42 ./USB_DEVICE/Target/usbd_conf.o
                0x000000000801048c                USBD_LL_PrepareReceive
 .text.USBD_LL_GetRxDataSize
                0x00000000080104ce       0x26 ./USB_DEVICE/Target/usbd_conf.o
                0x00000000080104ce                USBD_LL_GetRxDataSize
 .text.USBD_static_malloc
                0x00000000080104f4       0x1c ./USB_DEVICE/Target/usbd_conf.o
                0x00000000080104f4                USBD_static_malloc
 .text.USBD_static_free
                0x0000000008010510       0x14 ./USB_DEVICE/Target/usbd_conf.o
                0x0000000008010510                USBD_static_free
 .text.USBD_Get_USB_Status
                0x0000000008010524       0x58 ./USB_DEVICE/Target/usbd_conf.o
                0x0000000008010524                USBD_Get_USB_Status
 .text.malloc   0x000000000801057c       0x10 C:/ST/STM32CubeIDE_1.14.0/STM32CubeIDE/plugins/com.st.stm32cube.ide.mcu.externaltools.gnu-tools-for-stm32.11.3.rel1.win32_1.1.100.202309141235/tools/bin/../lib/gcc/arm-none-eabi/11.3.1/../../../../arm-none-eabi/lib/thumb/v7e-m+fp/hard\libc_nano.a(libc_a-malloc.o)
                0x000000000801057c                malloc
 .text.free     0x000000000801058c       0x10 C:/ST/STM32CubeIDE_1.14.0/STM32CubeIDE/plugins/com.st.stm32cube.ide.mcu.externaltools.gnu-tools-for-stm32.11.3.rel1.win32_1.1.100.202309141235/tools/bin/../lib/gcc/arm-none-eabi/11.3.1/../../../../arm-none-eabi/lib/thumb/v7e-m+fp/hard\libc_nano.a(libc_a-malloc.o)
                0x000000000801058c                free
 .text.sbrk_aligned
                0x000000000801059c       0x40 C:/ST/STM32CubeIDE_1.14.0/STM32CubeIDE/plugins/com.st.stm32cube.ide.mcu.externaltools.gnu-tools-for-stm32.11.3.rel1.win32_1.1.100.202309141235/tools/bin/../lib/gcc/arm-none-eabi/11.3.1/../../../../arm-none-eabi/lib/thumb/v7e-m+fp/hard\libc_nano.a(libc_a-mallocr.o)
 .text._malloc_r
                0x00000000080105dc      0x100 C:/ST/STM32CubeIDE_1.14.0/STM32CubeIDE/plugins/com.st.stm32cube.ide.mcu.externaltools.gnu-tools-for-stm32.11.3.rel1.win32_1.1.100.202309141235/tools/bin/../lib/gcc/arm-none-eabi/11.3.1/../../../../arm-none-eabi/lib/thumb/v7e-m+fp/hard\libc_nano.a(libc_a-mallocr.o)
                0x00000000080105dc                _malloc_r
 .text.__malloc_lock
                0x00000000080106dc        0xc C:/ST/STM32CubeIDE_1.14.0/STM32CubeIDE/plugins/com.st.stm32cube.ide.mcu.externaltools.gnu-tools-for-stm32.11.3.rel1.win32_1.1.100.202309141235/tools/bin/../lib/gcc/arm-none-eabi/11.3.1/../../../../arm-none-eabi/lib/thumb/v7e-m+fp/hard\libc_nano.a(libc_a-mlock.o)
                0x00000000080106dc                __malloc_lock
 .text.__malloc_unlock
                0x00000000080106e8        0xc C:/ST/STM32CubeIDE_1.14.0/STM32CubeIDE/plugins/com.st.stm32cube.ide.mcu.externaltools.gnu-tools-for-stm32.11.3.rel1.win32_1.1.100.202309141235/tools/bin/../lib/gcc/arm-none-eabi/11.3.1/../../../../arm-none-eabi/lib/thumb/v7e-m+fp/hard\libc_nano.a(libc_a-mlock.o)
                0x00000000080106e8                __malloc_unlock
 .text.sulp     0x00000000080106f4       0x38 C:/ST/STM32CubeIDE_1.14.0/STM32CubeIDE/plugins/com.st.stm32cube.ide.mcu.externaltools.gnu-tools-for-stm32.11.3.rel1.win32_1.1.100.202309141235/tools/bin/../lib/gcc/arm-none-eabi/11.3.1/../../../../arm-none-eabi/lib/thumb/v7e-m+fp/hard\libc_nano.a(libc_a-strtod.o)
 *fill*         0x000000000801072c        0x4 
 .text._strtod_l
                0x0000000008010730      0xbe0 C:/ST/STM32CubeIDE_1.14.0/STM32CubeIDE/plugins/com.st.stm32cube.ide.mcu.externaltools.gnu-tools-for-stm32.11.3.rel1.win32_1.1.100.202309141235/tools/bin/../lib/gcc/arm-none-eabi/11.3.1/../../../../arm-none-eabi/lib/thumb/v7e-m+fp/hard\libc_nano.a(libc_a-strtod.o)
                0x0000000008010730                _strtod_l
 .text.strtof   0x0000000008011310       0xcc C:/ST/STM32CubeIDE_1.14.0/STM32CubeIDE/plugins/com.st.stm32cube.ide.mcu.externaltools.gnu-tools-for-stm32.11.3.rel1.win32_1.1.100.202309141235/tools/bin/../lib/gcc/arm-none-eabi/11.3.1/../../../../arm-none-eabi/lib/thumb/v7e-m+fp/hard\libc_nano.a(libc_a-strtod.o)
                0x0000000008011310                strtof
 .text._strtoul_l.constprop.0
                0x00000000080113dc       0xe4 C:/ST/STM32CubeIDE_1.14.0/STM32CubeIDE/plugins/com.st.stm32cube.ide.mcu.externaltools.gnu-tools-for-stm32.11.3.rel1.win32_1.1.100.202309141235/tools/bin/../lib/gcc/arm-none-eabi/11.3.1/../../../../arm-none-eabi/lib/thumb/v7e-m+fp/hard\libc_nano.a(libc_a-strtoul.o)
 .text.strtoul  0x00000000080114c0       0x14 C:/ST/STM32CubeIDE_1.14.0/STM32CubeIDE/plugins/com.st.stm32cube.ide.mcu.externaltools.gnu-tools-for-stm32.11.3.rel1.win32_1.1.100.202309141235/tools/bin/../lib/gcc/arm-none-eabi/11.3.1/../../../../arm-none-eabi/lib/thumb/v7e-m+fp/hard\libc_nano.a(libc_a-strtoul.o)
                0x00000000080114c0                strtoul
 .text.std      0x00000000080114d4       0x6c C:/ST/STM32CubeIDE_1.14.0/STM32CubeIDE/plugins/com.st.stm32cube.ide.mcu.externaltools.gnu-tools-for-stm32.11.3.rel1.win32_1.1.100.202309141235/tools/bin/../lib/gcc/arm-none-eabi/11.3.1/../../../../arm-none-eabi/lib/thumb/v7e-m+fp/hard\libc_nano.a(libc_a-findfp.o)
 .text.stdio_exit_handler
                0x0000000008011540       0x18 C:/ST/STM32CubeIDE_1.14.0/STM32CubeIDE/plugins/com.st.stm32cube.ide.mcu.externaltools.gnu-tools-for-stm32.11.3.rel1.win32_1.1.100.202309141235/tools/bin/../lib/gcc/arm-none-eabi/11.3.1/../../../../arm-none-eabi/lib/thumb/v7e-m+fp/hard\libc_nano.a(libc_a-findfp.o)
 .text.cleanup_stdio
                0x0000000008011558       0x40 C:/ST/STM32CubeIDE_1.14.0/STM32CubeIDE/plugins/com.st.stm32cube.ide.mcu.externaltools.gnu-tools-for-stm32.11.3.rel1.win32_1.1.100.202309141235/tools/bin/../lib/gcc/arm-none-eabi/11.3.1/../../../../arm-none-eabi/lib/thumb/v7e-m+fp/hard\libc_nano.a(libc_a-findfp.o)
 .text.global_stdio_init.part.0
                0x0000000008011598       0x3c C:/ST/STM32CubeIDE_1.14.0/STM32CubeIDE/plugins/com.st.stm32cube.ide.mcu.externaltools.gnu-tools-for-stm32.11.3.rel1.win32_1.1.100.202309141235/tools/bin/../lib/gcc/arm-none-eabi/11.3.1/../../../../arm-none-eabi/lib/thumb/v7e-m+fp/hard\libc_nano.a(libc_a-findfp.o)
 .text.__sfp_lock_acquire
                0x00000000080115d4        0xc C:/ST/STM32CubeIDE_1.14.0/STM32CubeIDE/plugins/com.st.stm32cube.ide.mcu.externaltools.gnu-tools-for-stm32.11.3.rel1.win32_1.1.100.202309141235/tools/bin/../lib/gcc/arm-none-eabi/11.3.1/../../../../arm-none-eabi/lib/thumb/v7e-m+fp/hard\libc_nano.a(libc_a-findfp.o)
                0x00000000080115d4                __sfp_lock_acquire
 .text.__sfp_lock_release
                0x00000000080115e0        0xc C:/ST/STM32CubeIDE_1.14.0/STM32CubeIDE/plugins/com.st.stm32cube.ide.mcu.externaltools.gnu-tools-for-stm32.11.3.rel1.win32_1.1.100.202309141235/tools/bin/../lib/gcc/arm-none-eabi/11.3.1/../../../../arm-none-eabi/lib/thumb/v7e-m+fp/hard\libc_nano.a(libc_a-findfp.o)
                0x00000000080115e0                __sfp_lock_release
 .text.__sinit  0x00000000080115ec       0x30 C:/ST/STM32CubeIDE_1.14.0/STM32CubeIDE/plugins/com.st.stm32cube.ide.mcu.externaltools.gnu-tools-for-stm32.11.3.rel1.win32_1.1.100.202309141235/tools/bin/../lib/gcc/arm-none-eabi/11.3.1/../../../../arm-none-eabi/lib/thumb/v7e-m+fp/hard\libc_nano.a(libc_a-findfp.o)
                0x00000000080115ec                __sinit
 .text._fwalk_sglue
                0x000000000801161c       0x3c C:/ST/STM32CubeIDE_1.14.0/STM32CubeIDE/plugins/com.st.stm32cube.ide.mcu.externaltools.gnu-tools-for-stm32.11.3.rel1.win32_1.1.100.202309141235/tools/bin/../lib/gcc/arm-none-eabi/11.3.1/../../../../arm-none-eabi/lib/thumb/v7e-m+fp/hard\libc_nano.a(libc_a-fwalk.o)
                0x000000000801161c                _fwalk_sglue
 .text.__sread  0x0000000008011658       0x22 C:/ST/STM32CubeIDE_1.14.0/STM32CubeIDE/plugins/com.st.stm32cube.ide.mcu.externaltools.gnu-tools-for-stm32.11.3.rel1.win32_1.1.100.202309141235/tools/bin/../lib/gcc/arm-none-eabi/11.3.1/../../../../arm-none-eabi/lib/thumb/v7e-m+fp/hard\libc_nano.a(libc_a-stdio.o)
                0x0000000008011658                __sread
 .text.__swrite
                0x000000000801167a       0x38 C:/ST/STM32CubeIDE_1.14.0/STM32CubeIDE/plugins/com.st.stm32cube.ide.mcu.externaltools.gnu-tools-for-stm32.11.3.rel1.win32_1.1.100.202309141235/tools/bin/../lib/gcc/arm-none-eabi/11.3.1/../../../../arm-none-eabi/lib/thumb/v7e-m+fp/hard\libc_nano.a(libc_a-stdio.o)
                0x000000000801167a                __swrite
 .text.__sseek  0x00000000080116b2       0x24 C:/ST/STM32CubeIDE_1.14.0/STM32CubeIDE/plugins/com.st.stm32cube.ide.mcu.externaltools.gnu-tools-for-stm32.11.3.rel1.win32_1.1.100.202309141235/tools/bin/../lib/gcc/arm-none-eabi/11.3.1/../../../../arm-none-eabi/lib/thumb/v7e-m+fp/hard\libc_nano.a(libc_a-stdio.o)
                0x00000000080116b2                __sseek
 .text.__sclose
                0x00000000080116d6        0x8 C:/ST/STM32CubeIDE_1.14.0/STM32CubeIDE/plugins/com.st.stm32cube.ide.mcu.externaltools.gnu-tools-for-stm32.11.3.rel1.win32_1.1.100.202309141235/tools/bin/../lib/gcc/arm-none-eabi/11.3.1/../../../../arm-none-eabi/lib/thumb/v7e-m+fp/hard\libc_nano.a(libc_a-stdio.o)
                0x00000000080116d6                __sclose
 .text._vsnprintf_r
                0x00000000080116de       0x56 C:/ST/STM32CubeIDE_1.14.0/STM32CubeIDE/plugins/com.st.stm32cube.ide.mcu.externaltools.gnu-tools-for-stm32.11.3.rel1.win32_1.1.100.202309141235/tools/bin/../lib/gcc/arm-none-eabi/11.3.1/../../../../arm-none-eabi/lib/thumb/v7e-m+fp/hard\libc_nano.a(libc_a-vsnprintf.o)
                0x00000000080116de                _vsniprintf_r
                0x00000000080116de                _vsnprintf_r
 .text.vsnprintf
                0x0000000008011734       0x1c C:/ST/STM32CubeIDE_1.14.0/STM32CubeIDE/plugins/com.st.stm32cube.ide.mcu.externaltools.gnu-tools-for-stm32.11.3.rel1.win32_1.1.100.202309141235/tools/bin/../lib/gcc/arm-none-eabi/11.3.1/../../../../arm-none-eabi/lib/thumb/v7e-m+fp/hard\libc_nano.a(libc_a-vsnprintf.o)
                0x0000000008011734                vsniprintf
                0x0000000008011734                vsnprintf
 .text.memset   0x0000000008011750       0x10 C:/ST/STM32CubeIDE_1.14.0/STM32CubeIDE/plugins/com.st.stm32cube.ide.mcu.externaltools.gnu-tools-for-stm32.11.3.rel1.win32_1.1.100.202309141235/tools/bin/../lib/gcc/arm-none-eabi/11.3.1/../../../../arm-none-eabi/lib/thumb/v7e-m+fp/hard\libc_nano.a(libc_a-memset.o)
                0x0000000008011750                memset
 .text.strncmp  0x0000000008011760       0x24 C:/ST/STM32CubeIDE_1.14.0/STM32CubeIDE/plugins/com.st.stm32cube.ide.mcu.externaltools.gnu-tools-for-stm32.11.3.rel1.win32_1.1.100.202309141235/tools/bin/../lib/gcc/arm-none-eabi/11.3.1/../../../../arm-none-eabi/lib/thumb/v7e-m+fp/hard\libc_nano.a(libc_a-strncmp.o)
                0x0000000008011760                strncmp
 .text.__strtok_r
                0x0000000008011784       0x50 C:/ST/STM32CubeIDE_1.14.0/STM32CubeIDE/plugins/com.st.stm32cube.ide.mcu.externaltools.gnu-tools-for-stm32.11.3.rel1.win32_1.1.100.202309141235/tools/bin/../lib/gcc/arm-none-eabi/11.3.1/../../../../arm-none-eabi/lib/thumb/v7e-m+fp/hard\libc_nano.a(libc_a-strtok_r.o)
                0x0000000008011784                __strtok_r
 .text.strtok_r
                0x00000000080117d4        0x6 C:/ST/STM32CubeIDE_1.14.0/STM32CubeIDE/plugins/com.st.stm32cube.ide.mcu.externaltools.gnu-tools-for-stm32.11.3.rel1.win32_1.1.100.202309141235/tools/bin/../lib/gcc/arm-none-eabi/11.3.1/../../../../arm-none-eabi/lib/thumb/v7e-m+fp/hard\libc_nano.a(libc_a-strtok_r.o)
                0x00000000080117d4                strtok_r
 *fill*         0x00000000080117da        0x2 
 .text._close_r
                0x00000000080117dc       0x20 C:/ST/STM32CubeIDE_1.14.0/STM32CubeIDE/plugins/com.st.stm32cube.ide.mcu.externaltools.gnu-tools-for-stm32.11.3.rel1.win32_1.1.100.202309141235/tools/bin/../lib/gcc/arm-none-eabi/11.3.1/../../../../arm-none-eabi/lib/thumb/v7e-m+fp/hard\libc_nano.a(libc_a-closer.o)
                0x00000000080117dc                _close_r
 .text._lseek_r
                0x00000000080117fc       0x24 C:/ST/STM32CubeIDE_1.14.0/STM32CubeIDE/plugins/com.st.stm32cube.ide.mcu.externaltools.gnu-tools-for-stm32.11.3.rel1.win32_1.1.100.202309141235/tools/bin/../lib/gcc/arm-none-eabi/11.3.1/../../../../arm-none-eabi/lib/thumb/v7e-m+fp/hard\libc_nano.a(libc_a-lseekr.o)
                0x00000000080117fc                _lseek_r
 .text._read_r  0x0000000008011820       0x24 C:/ST/STM32CubeIDE_1.14.0/STM32CubeIDE/plugins/com.st.stm32cube.ide.mcu.externaltools.gnu-tools-for-stm32.11.3.rel1.win32_1.1.100.202309141235/tools/bin/../lib/gcc/arm-none-eabi/11.3.1/../../../../arm-none-eabi/lib/thumb/v7e-m+fp/hard\libc_nano.a(libc_a-readr.o)
                0x0000000008011820                _read_r
 .text._sbrk_r  0x0000000008011844       0x20 C:/ST/STM32CubeIDE_1.14.0/STM32CubeIDE/plugins/com.st.stm32cube.ide.mcu.externaltools.gnu-tools-for-stm32.11.3.rel1.win32_1.1.100.202309141235/tools/bin/../lib/gcc/arm-none-eabi/11.3.1/../../../../arm-none-eabi/lib/thumb/v7e-m+fp/hard\libc_nano.a(libc_a-sbrkr.o)
                0x0000000008011844                _sbrk_r
 .text._write_r
                0x0000000008011864       0x24 C:/ST/STM32CubeIDE_1.14.0/STM32CubeIDE/plugins/com.st.stm32cube.ide.mcu.externaltools.gnu-tools-for-stm32.11.3.rel1.win32_1.1.100.202309141235/tools/bin/../lib/gcc/arm-none-eabi/11.3.1/../../../../arm-none-eabi/lib/thumb/v7e-m+fp/hard\libc_nano.a(libc_a-writer.o)
                0x0000000008011864                _write_r
 .text.__errno  0x0000000008011888        0xc C:/ST/STM32CubeIDE_1.14.0/STM32CubeIDE/plugins/com.st.stm32cube.ide.mcu.externaltools.gnu-tools-for-stm32.11.3.rel1.win32_1.1.100.202309141235/tools/bin/../lib/gcc/arm-none-eabi/11.3.1/../../../../arm-none-eabi/lib/thumb/v7e-m+fp/hard\libc_nano.a(libc_a-errno.o)
                0x0000000008011888                __errno
 .text.__libc_init_array
                0x0000000008011894       0x48 C:/ST/STM32CubeIDE_1.14.0/STM32CubeIDE/plugins/com.st.stm32cube.ide.mcu.externaltools.gnu-tools-for-stm32.11.3.rel1.win32_1.1.100.202309141235/tools/bin/../lib/gcc/arm-none-eabi/11.3.1/../../../../arm-none-eabi/lib/thumb/v7e-m+fp/hard\libc_nano.a(libc_a-init.o)
                0x0000000008011894                __libc_init_array
 .text.__retarget_lock_init_recursive
                0x00000000080118dc        0x2 C:/ST/STM32CubeIDE_1.14.0/STM32CubeIDE/plugins/com.st.stm32cube.ide.mcu.externaltools.gnu-tools-for-stm32.11.3.rel1.win32_1.1.100.202309141235/tools/bin/../lib/gcc/arm-none-eabi/11.3.1/../../../../arm-none-eabi/lib/thumb/v7e-m+fp/hard\libc_nano.a(libc_a-lock.o)
                0x00000000080118dc                __retarget_lock_init_recursive
 .text.__retarget_lock_acquire_recursive
                0x00000000080118de        0x2 C:/ST/STM32CubeIDE_1.14.0/STM32CubeIDE/plugins/com.st.stm32cube.ide.mcu.externaltools.gnu-tools-for-stm32.11.3.rel1.win32_1.1.100.202309141235/tools/bin/../lib/gcc/arm-none-eabi/11.3.1/../../../../arm-none-eabi/lib/thumb/v7e-m+fp/hard\libc_nano.a(libc_a-lock.o)
                0x00000000080118de                __retarget_lock_acquire_recursive
 .text.__retarget_lock_release_recursive